Component: ARM Compiler 5.06 update 1 (build 61) Tool: armlink [4d35a8]

==============================================================================

Section Cross References

    startup_stm32f429xx.o(STACK) refers (Special) to heapauxi.o(.text) for __use_two_region_memory
    startup_stm32f429xx.o(HEAP) refers (Special) to heapauxi.o(.text) for __use_two_region_memory
    startup_stm32f429xx.o(RESET) refers (Special) to heapauxi.o(.text) for __use_two_region_memory
    startup_stm32f429xx.o(RESET) refers to startup_stm32f429xx.o(STACK) for __initial_sp
    startup_stm32f429xx.o(RESET) refers to startup_stm32f429xx.o(.text) for Reset_Handler
    startup_stm32f429xx.o(RESET) refers to timer.o(i.TIM3_IRQHandler) for TIM3_IRQHandler
    startup_stm32f429xx.o(RESET) refers to usmart.o(i.TIM4_IRQHandler) for TIM4_IRQHandler
    startup_stm32f429xx.o(RESET) refers to usart.o(i.USART1_IRQHandler) for USART1_IRQHandler
    startup_stm32f429xx.o(RESET) refers to usart3.o(i.USART3_IRQHandler) for USART3_IRQHandler
    startup_stm32f429xx.o(RESET) refers to sdio_sdcard.o(i.SDIO_IRQHandler) for SDIO_IRQHandler
    startup_stm32f429xx.o(RESET) refers to timer.o(i.TIM5_IRQHandler) for TIM5_IRQHandler
    startup_stm32f429xx.o(RESET) refers to timer.o(i.TIM7_IRQHandler) for TIM7_IRQHandler
    startup_stm32f429xx.o(.text) refers (Special) to heapauxi.o(.text) for __use_two_region_memory
    startup_stm32f429xx.o(.text) refers to __main.o(!!!main) for __main
    startup_stm32f429xx.o(.text) refers to startup_stm32f429xx.o(HEAP) for Heap_Mem
    startup_stm32f429xx.o(.text) refers to startup_stm32f429xx.o(STACK) for Stack_Mem
    test.o(i.main) refers to sys.o(i.Stm32_Clock_Init) for Stm32_Clock_Init
    test.o(i.main) refers to delay.o(i.delay_init) for delay_init
    test.o(i.main) refers to usart.o(i.uart_init) for uart_init
    test.o(i.main) refers to usart3.o(i.usart3_init) for usart3_init
    test.o(i.main) refers to led.o(i.LED_Init) for LED_Init
    test.o(i.main) refers to sdram.o(i.SDRAM_Init) for SDRAM_Init
    test.o(i.main) refers to lcd.o(i.LCD_Init) for LCD_Init
    test.o(i.main) refers to key.o(i.KEY_Init) for KEY_Init
    test.o(i.main) refers to w25qxx.o(i.W25QXX_Init) for W25QXX_Init
    test.o(i.main) refers to malloc.o(i.my_mem_init) for my_mem_init
    test.o(i.main) refers to exfuns.o(i.exfuns_init) for exfuns_init
    test.o(i.main) refers to ff.o(i.f_mount) for f_mount
    test.o(i.main) refers to key.o(i.KEY_Scan) for KEY_Scan
    test.o(i.main) refers to lcd.o(i.LCD_Clear) for LCD_Clear
    test.o(i.main) refers to touch.o(i.TP_Adjust) for TP_Adjust
    test.o(i.main) refers to touch.o(i.TP_Save_Adjdata) for TP_Save_Adjdata
    test.o(i.main) refers to fontupd.o(i.font_init) for font_init
    test.o(i.main) refers to lcd.o(i.LCD_ShowString) for LCD_ShowString
    test.o(i.main) refers to delay.o(i.delay_ms) for delay_ms
    test.o(i.main) refers to lcd.o(i.LCD_Fill) for LCD_Fill
    test.o(i.main) refers to sdio_sdcard.o(i.SD_Init) for SD_Init
    test.o(i.main) refers to fontupd.o(i.update_font) for update_font
    test.o(i.main) refers to common.o(i.atk_8266_test) for atk_8266_test
    test.o(i.main) refers to usmart_config.o(.data) for usmart_dev
    test.o(i.main) refers to touch.o(.data) for tp_dev
    test.o(i.main) refers to exfuns.o(.bss) for fs
    test.o(i.main) refers to lcd.o(.data) for POINT_COLOR
    delay.o(i.delay_init) refers to delay.o(.data) for .data
    delay.o(i.delay_ms) refers to delay.o(i.delay_xms) for delay_xms
    delay.o(i.delay_us) refers to delay.o(.data) for .data
    delay.o(i.delay_xms) refers to delay.o(.data) for .data
    sys.o(i.MY_NVIC_Init) refers to sys.o(i.MY_NVIC_PriorityGroupConfig) for MY_NVIC_PriorityGroupConfig
    sys.o(i.Stm32_Clock_Init) refers to sys.o(i.Sys_Clock_Set) for Sys_Clock_Set
    sys.o(i.Stm32_Clock_Init) refers to sys.o(i.MY_NVIC_SetVectorTable) for MY_NVIC_SetVectorTable
    usart.o(.rev16_text) refers (Special) to use_no_semi_2.o(.text) for __use_no_semihosting
    usart.o(.revsh_text) refers (Special) to use_no_semi_2.o(.text) for __use_no_semihosting
    usart.o(.rrx_text) refers (Special) to use_no_semi_2.o(.text) for __use_no_semihosting
    usart.o(i.USART1_IRQHandler) refers (Special) to use_no_semi_2.o(.text) for __use_no_semihosting
    usart.o(i.USART1_IRQHandler) refers to usart.o(.data) for .data
    usart.o(i.USART1_IRQHandler) refers to usart.o(.bss) for .bss
    usart.o(i._sys_exit) refers (Special) to use_no_semi_2.o(.text) for __use_no_semihosting
    usart.o(i._ttywrch) refers (Special) to use_no_semi_2.o(.text) for __use_no_semihosting
    usart.o(i.fputc) refers (Special) to use_no_semi_2.o(.text) for __use_no_semihosting
    usart.o(i.uart_init) refers (Special) to use_no_semi_2.o(.text) for __use_no_semihosting
    usart.o(i.uart_init) refers to sys.o(i.GPIO_Set) for GPIO_Set
    usart.o(i.uart_init) refers to sys.o(i.GPIO_AF_Set) for GPIO_AF_Set
[...]
    SPI5_ReadWriteByte                       0x08008d1d   Thumb Code    22  spi.o(i.SPI5_ReadWriteByte)
    SPI5_SetSpeed                            0x08008d39   Thumb Code    34  spi.o(i.SPI5_SetSpeed)
    Show_Font                                0x08008d61   Thumb Code   160  text.o(i.Show_Font)
    Show_Str                                 0x08008e09   Thumb Code   174  text.o(i.Show_Str)
    Show_Str_Mid                             0x08008eb9   Thumb Code    82  text.o(i.Show_Str_Mid)
    Stm32_Clock_Init                         0x08008f11   Thumb Code    64  sys.o(i.Stm32_Clock_Init)
    Sys_Clock_Set                            0x08008f5d   Thumb Code   194  sys.o(i.Sys_Clock_Set)
    TIM3_IRQHandler                          0x08009031   Thumb Code    36  timer.o(i.TIM3_IRQHandler)
    TIM4_IRQHandler                          0x0800905d   Thumb Code    44  usmart.o(i.TIM4_IRQHandler)
    TIM5_IRQHandler                          0x08009091   Thumb Code   132  timer.o(i.TIM5_IRQHandler)
    TIM7_IRQHandler                          0x08009121   Thumb Code    40  timer.o(i.TIM7_IRQHandler)
    TIM7_Int_Init                            0x08009151   Thumb Code    62  timer.o(i.TIM7_Int_Init)
    TP_Adj_Info_Show                         0x08009199   Thumb Code   326  touch.o(i.TP_Adj_Info_Show)
    TP_Adjust                                0x08009311   Thumb Code  1336  touch.o(i.TP_Adjust)
    TP_Drow_Touch_Point                      0x08009879   Thumb Code   106  touch.o(i.TP_Drow_Touch_Point)
    TP_Get_Adjdata                           0x080098e9   Thumb Code   130  touch.o(i.TP_Get_Adjdata)
    TP_Init                                  0x08009975   Thumb Code   262  touch.o(i.TP_Init)
    TP_Read_AD                               0x08009aa1   Thumb Code   128  touch.o(i.TP_Read_AD)
    TP_Read_XOY                              0x08009b2d   Thumb Code    96  touch.o(i.TP_Read_XOY)
    TP_Read_XY                               0x08009b8d   Thumb Code    34  touch.o(i.TP_Read_XY)
    TP_Read_XY2                              0x08009bb5   Thumb Code   124  touch.o(i.TP_Read_XY2)
    TP_Save_Adjdata                          0x08009c31   Thumb Code   110  touch.o(i.TP_Save_Adjdata)
    TP_Scan                                  0x08009ca9   Thumb Code   184  touch.o(i.TP_Scan)
    TP_Write_Byte                            0x08009d69   Thumb Code    62  touch.o(i.TP_Write_Byte)
    Timer4_Init                              0x08009db1   Thumb Code    54  usmart.o(i.Timer4_Init)
    USART1_IRQHandler                        0x08009df1   Thumb Code    76  usart.o(i.USART1_IRQHandler)
    USART3_IRQHandler                        0x08009e49   Thumb Code    78  usart3.o(i.USART3_IRQHandler)
    W25QXX_Erase_Sector                      0x08009ea9   Thumb Code    90  w25qxx.o(i.W25QXX_Erase_Sector)
    W25QXX_Init                              0x08009f15   Thumb Code    90  w25qxx.o(i.W25QXX_Init)
    W25QXX_Read                              0x08009f81   Thumb Code    94  w25qxx.o(i.W25QXX_Read)
    W25QXX_ReadID                            0x08009fe9   Thumb Code    62  w25qxx.o(i.W25QXX_ReadID)
    W25QXX_ReadSR                            0x0800a02d   Thumb Code    52  w25qxx.o(i.W25QXX_ReadSR)
    W25QXX_Wait_Busy                         0x0800a065   Thumb Code    14  w25qxx.o(i.W25QXX_Wait_Busy)
    W25QXX_Write                             0x0800a073   Thumb Code   166  w25qxx.o(i.W25QXX_Write)
    W25QXX_Write_Enable                      0x0800a119   Thumb Code    26  w25qxx.o(i.W25QXX_Write_Enable)
    W25QXX_Write_NoCheck                     0x0800a139   Thumb Code    62  w25qxx.o(i.W25QXX_Write_NoCheck)
    W25QXX_Write_Page                        0x0800a179   Thumb Code   100  w25qxx.o(i.W25QXX_Write_Page)
    __ARM_fpclassify                         0x0800a1e5   Thumb Code    48  fpclassify.o(i.__ARM_fpclassify)
    __hardfp_sqrt                            0x0800a215   Thumb Code   122  sqrt.o(i.__hardfp_sqrt)
    _is_digit                                0x0800a28f   Thumb Code    14  __printf_wp.o(i._is_digit)
    _sys_exit                                0x0800a29d   Thumb Code     2  usart.o(i._sys_exit)
    atk_8266_apsta_test                      0x0800a2a1   Thumb Code  1928  apsta.o(i.atk_8266_apsta_test)
    atk_8266_at_response                     0x0800aa91   Thumb Code    38  common.o(i.atk_8266_at_response)
    atk_8266_check_cmd                       0x0800aac5   Thumb Code    30  common.o(i.atk_8266_check_cmd)
    atk_8266_consta_check                    0x0800aaed   Thumb Code    32  common.o(i.atk_8266_consta_check)
    atk_8266_get_ip                          0x0800ab2d   Thumb Code   240  common.o(i.atk_8266_get_ip)
    atk_8266_get_keynum                      0x0800ac6d   Thumb Code   192  common.o(i.atk_8266_get_keynum)
    atk_8266_get_wanip                       0x0800ad35   Thumb Code    54  common.o(i.atk_8266_get_wanip)
    atk_8266_ip_set                          0x0800ad85   Thumb Code   346  common.o(i.atk_8266_ip_set)
    atk_8266_key_staset                      0x0800af19   Thumb Code   150  common.o(i.atk_8266_key_staset)
    atk_8266_load_keyboard                   0x0800afb5   Thumb Code   258  common.o(i.atk_8266_load_keyboard)
    atk_8266_mode_cofig                      0x0800b0c1   Thumb Code   320  common.o(i.atk_8266_mode_cofig)
    atk_8266_msg_show                        0x0800b321   Thumb Code   614  common.o(i.atk_8266_msg_show)
    atk_8266_mtest_ui                        0x0800b64d   Thumb Code   156  common.o(i.atk_8266_mtest_ui)
    atk_8266_netpro_sel                      0x0800b745   Thumb Code   454  common.o(i.atk_8266_netpro_sel)
    atk_8266_quit_trans                      0x0800b979   Thumb Code    68  common.o(i.atk_8266_quit_trans)
    atk_8266_send_cmd                        0x0800b9c9   Thumb Code    84  common.o(i.atk_8266_send_cmd)
    atk_8266_send_data                       0x0800ba35   Thumb Code    76  common.o(i.atk_8266_send_data)
    atk_8266_test                            0x0800ba89   Thumb Code   322  common.o(i.atk_8266_test)
    atk_8266_wifiap_test                     0x0800bc89   Thumb Code  1822  wifiap.o(i.atk_8266_wifiap_test)
    atk_8266_wificonf_show                   0x0800c3e5   Thumb Code   200  common.o(i.atk_8266_wificonf_show)
    atk_8266_wifista_test                    0x0800c4cd   Thumb Code  1886  wifista.o(i.atk_8266_wifista_test)
    delay_init                               0x0800d209   Thumb Code    32  delay.o(i.delay_init)
    delay_ms                                 0x0800d22d   Thumb Code    52  delay.o(i.delay_ms)
    delay_us                                 0x0800d261   Thumb Code    36  delay.o(i.delay_us)
    delay_xms                                0x0800d289   Thumb Code    36  delay.o(i.delay_xms)
    disk_initialize                          0x0800d903   Thumb Code    40  diskio.o(i.disk_initialize)
    disk_ioctl                               0x0800d92d   Thumb Code   156  diskio.o(i.disk_ioctl)
    disk_read                                0x0800d9d1   Thumb Code   102  diskio.o(i.disk_read)
    disk_status                              0x0800da37   Thumb Code     4  diskio.o(i.disk_status)
    disk_write                               0x0800da3b   Thumb Code   102  diskio.o(i.disk_write)
    exfuns_init                              0x0800daa1   Thumb Code    92  exfuns.o(i.exfuns_init)
    f_close                                  0x0800db05   Thumb Code    30  ff.o(i.f_close)
    f_mount                                  0x0800db25   Thumb Code    72  ff.o(i.f_mount)
    f_open                                   0x0800db71   Thumb Code   626  ff.o(i.f_open)
    f_read                                   0x0800dde3   Thumb Code   374  ff.o(i.f_read)
    f_sync                                   0x0800df59   Thumb Code   338  ff.o(i.f_sync)
    ff_convert                               0x0800e0ad   Thumb Code   106  mycc936.o(i.ff_convert)
    ff_memalloc                              0x0800e11d   Thumb Code     8  diskio.o(i.ff_memalloc)
    ff_memfree                               0x0800e125   Thumb Code     8  diskio.o(i.ff_memfree)
    ff_wtoupper                              0x0800e12d   Thumb Code    28  mycc936.o(i.ff_wtoupper)
    font_init                                0x0800e615   Thumb Code    58  fontupd.o(i.font_init)
    fputc                                    0x0800e655   Thumb Code    14  usart.o(i.fputc)
    fupd_prog                                0x0800e669   Thumb Code   120  fontupd.o(i.fupd_prog)
    get_fattime                              0x0800e89f   Thumb Code     4  diskio.o(i.get_fattime)
    main                                     0x0800ea5d   Thumb Code   398  test.o(i.main)
    my_mem_free                              0x0800ecd9   Thumb Code    80  malloc.o(i.my_mem_free)
    my_mem_init                              0x0800ed31   Thumb Code    36  malloc.o(i.my_mem_init)
    my_mem_malloc                            0x0800ed5d   Thumb Code   128  malloc.o(i.my_mem_malloc)
    my_mem_perused                           0x0800ede5   Thumb Code    50  malloc.o(i.my_mem_perused)
    myfree                                   0x0800ee21   Thumb Code    20  malloc.o(i.myfree)
    mymalloc                                 0x0800ee39   Thumb Code    28  malloc.o(i.mymalloc)
    mymemset                                 0x0800ee59   Thumb Code    12  malloc.o(i.mymemset)
    read_addr                                0x0800efcb   Thumb Code     4  usmart.o(i.read_addr)
    u3_printf                                0x0800f2a5   Thumb Code    56  usart3.o(i.u3_printf)
    uart_init                                0x0800f2e5   Thumb Code   202  usart.o(i.uart_init)
    updata_fontx                             0x0800f3c1   Thumb Code   232  fontupd.o(i.updata_fontx)
    update_font                              0x0800f4b1   Thumb Code   402  fontupd.o(i.update_font)
    usart3_init                              0x0800f661   Thumb Code   224  usart3.o(i.usart3_init)
    usmart_cmd_rec                           0x0800f759   Thumb Code   144  usmart.o(i.usmart_cmd_rec)
    usmart_exe                               0x0800f7ed   Thumb Code   510  usmart.o(i.usmart_exe)
    usmart_get_aparm                         0x0800fa4d   Thumb Code   164  usmart_str.o(i.usmart_get_aparm)
    usmart_get_cmdname                       0x0800faf1   Thumb Code    46  usmart_str.o(i.usmart_get_cmdname)
    usmart_get_fname                         0x0800fb21   Thumb Code   352  usmart_str.o(i.usmart_get_fname)
    usmart_get_fparam                        0x0800fc89   Thumb Code   202  usmart_str.o(i.usmart_get_fparam)
    usmart_get_parmpos                       0x0800fd59   Thumb Code    30  usmart_str.o(i.usmart_get_parmpos)
    usmart_get_runtime                       0x0800fd7d   Thumb Code    38  usmart.o(i.usmart_get_runtime)
    usmart_init                              0x0800fdad   Thumb Code    36  usmart.o(i.usmart_init)
    usmart_pow                               0x0800fdd5   Thumb Code    16  usmart_str.o(i.usmart_pow)
    usmart_reset_runtime                     0x0800fde5   Thumb Code    36  usmart.o(i.usmart_reset_runtime)
    usmart_scan                              0x0800fe11   Thumb Code    94  usmart.o(i.usmart_scan)
    usmart_search_nextc                      0x0800feb5   Thumb Code    16  usmart_str.o(i.usmart_search_nextc)
    usmart_str2num                           0x0800fec5   Thumb Code   214  usmart_str.o(i.usmart_str2num)
    usmart_strcmp                            0x0800ff9b   Thumb Code    24  usmart_str.o(i.usmart_strcmp)
    usmart_strcopy                           0x0800ffb3   Thumb Code    18  usmart_str.o(i.usmart_strcopy)
    usmart_strlen                            0x0800ffc5   Thumb Code    18  usmart_str.o(i.usmart_strlen)
    usmart_sys_cmd_exe                       0x0800ffd9   Thumb Code  1458  usmart.o(i.usmart_sys_cmd_exe)
    write_addr                               0x0801068b   Thumb Code     4  usmart.o(i.write_addr)
    _get_lc_numeric                          0x08010701   Thumb Code    44  lc_numeric_c.o(locale$$code)
    _get_lc_ctype                            0x0801072d   Thumb Code    44  lc_ctype_c.o(locale$$code)
    __aeabi_dadd                             0x08010759   Thumb Code     0  daddsub_clz.o(x$fpl$dadd)
    _dadd                                    0x08010759   Thumb Code   332  daddsub_clz.o(x$fpl$dadd)
    __fpl_dcmp_Inf                           0x080108a9   Thumb Code    24  dcmpi.o(x$fpl$dcmpinf)
    __aeabi_d2uiz                            0x080108c1   Thumb Code     0  dfixu.o(x$fpl$dfixu)
    _dfixu                                   0x080108c1   Thumb Code    90  dfixu.o(x$fpl$dfixu)
    __aeabi_ui2d                             0x0801091b   Thumb Code     0  dflt_clz.o(x$fpl$dfltu)
    _dfltu                                   0x0801091b   Thumb Code    38  dflt_clz.o(x$fpl$dfltu)
    __aeabi_cdcmple                          0x08010941   Thumb Code     0  dleqf.o(x$fpl$dleqf)
    _dcmple                                  0x08010941   Thumb Code   120  dleqf.o(x$fpl$dleqf)
    __fpl_dcmple_InfNaN                      0x080109a3   Thumb Code     0  dleqf.o(x$fpl$dleqf)
    __aeabi_dmul                             0x080109b9   Thumb Code     0  dmul.o(x$fpl$dmul)
    _dmul                                    0x080109b9   Thumb Code   332  dmul.o(x$fpl$dmul)
    __fpl_dnaninf                            0x08010b0d   Thumb Code   156  dnaninf.o(x$fpl$dnaninf)
    __fpl_dretinf                            0x08010ba9   Thumb Code    12  dretinf.o(x$fpl$dretinf)
    __aeabi_cdrcmple                         0x08010bb5   Thumb Code     0  drleqf.o(x$fpl$drleqf)
    _drcmple                                 0x08010bb5   Thumb Code   108  drleqf.o(x$fpl$drleqf)
    __aeabi_drsub                            0x08010c21   Thumb Code     0  daddsub_clz.o(x$fpl$drsb)
    _drsb                                    0x08010c21   Thumb Code    22  daddsub_clz.o(x$fpl$drsb)
    _dsqrt                                   0x08010c39   Thumb Code   404  dsqrt_umaal.o(x$fpl$dsqrt)
    __aeabi_dsub                             0x08010dd1   Thumb Code     0  daddsub_clz.o(x$fpl$dsub)
    _dsub                                    0x08010dd1   Thumb Code   464  daddsub_clz.o(x$fpl$dsub)
    __aeabi_f2d                              0x08010fa5   Thumb Code     0  f2d.o(x$fpl$f2d)
    _f2d                                     0x08010fa5   Thumb Code    86  f2d.o(x$fpl$f2d)
    __fpl_fnaninf                            0x08010ffb   Thumb Code   140  fnaninf.o(x$fpl$fnaninf)
    _fp_init                                 0x08011087   Thumb Code    10  fpinit.o(x$fpl$fpinit)
    __fplib_config_fpu_vfp                   0x0801108f   Thumb Code     0  fpinit.o(x$fpl$fpinit)
    __fplib_config_pureend_doubles           0x0801108f   Thumb Code     0  fpinit.o(x$fpl$fpinit)
    _printf_fp_dec                           0x08011091   Thumb Code     4  printf1.o(x$fpl$printf1)
    _printf_fp_hex                           0x08011095   Thumb Code     4  printf2.o(x$fpl$printf2)
    __I$use$fp                               0x08011098   Number         0  usenofp.o(x$fpl$usenofp)
    asc2_1206                                0x08011098   Data        1140  lcd.o(.constdata)
    asc2_1608                                0x0801150c   Data        1520  lcd.o(.constdata)
    asc2_2412                                0x08011afc   Data        3420  lcd.o(.constdata)
    asc2_3216                                0x08012858   Data       12160  lcd.o(.constdata)
    FT5206_TPX_TBL                           0x080157d8   Data          10  ft5206.o(.constdata)
    GT9147_CFG_TBL                           0x080157e2   Data         184  gt9147.o(.constdata)
    GT9147_TPX_TBL                           0x0801589a   Data          10  gt9147.o(.constdata)
    OTT_TPX_TBL                              0x080158a4   Data          10  ott2001a.o(.constdata)
    TP_REMIND_MSG_TBL                        0x080158b0   Data           4  touch.o(.constdata)
    memtblsize                               0x080158b4   Data          12  malloc.o(.constdata)
    memblksize                               0x080158c0   Data          12  malloc.o(.constdata)
    memsize                                  0x080158cc   Data          12  malloc.o(.constdata)
    GBK_PATH                                 0x08015ce4   Data          20  fontupd.o(.constdata)
    UPDATE_REMIND_TBL                        0x08015cf8   Data          20  fontupd.o(.constdata)
    Region$$Table$$Base                      0x08016108   Number         0  anon$$obj.o(Region$$Table)
    Region$$Table$$Limit                     0x08016128   Number         0  anon$$obj.o(Region$$Table)
    __ctype                                  0x08016151   Data           0  lc_ctype_c.o(locale$$data)
    mem3base                                 0x10000000   Data       61440  malloc.o(.ARM.__AT_0x10000000)
    mem3mapbase                              0x1000f000   Data        3840  malloc.o(.ARM.__AT_0x1000F000)
    USART_RX_STA                             0x20000004   Data           2  usart.o(.data)
    __stdout                                 0x20000008   Data           4  usart.o(.data)
    POINT_COLOR                              0x20000010   Data           4  lcd.o(.data)
    BACK_COLOR                               0x20000014   Data           4  lcd.o(.data)
    ltdc_framebuf                            0x20000018   Data           8  ltdc.o(.data)
    TransferError                            0x20000023   Data           1  sdio_sdcard.o(.data)
    TransferEnd                              0x20000024   Data           1  sdio_sdcard.o(.data)
    TIM5CH1_CAPTURE_STA                      0x2000002c   Data           1  timer.o(.data)
    TIM5CH1_CAPTURE_VAL                      0x20000030   Data           4  timer.o(.data)
    CMD_RDX                                  0x20000038   Data           1  touch.o(.data)
    CMD_RDY                                  0x20000039   Data           1  touch.o(.data)
    tp_dev                                   0x2000003c   Data          52  touch.o(.data)
    W25QXX_TYPE                              0x20000070   Data           2  w25qxx.o(.data)
    USART3_RX_STA                            0x20000078   Data           2  usart3.o(.data)
    mallco_dev                               0x2000007c   Data          36  malloc.o(.data)
    file                                     0x200000a0   Data           4  exfuns.o(.data)
    ftemp                                    0x200000a4   Data           4  exfuns.o(.data)
    fatbuf                                   0x200000a8   Data           4  exfuns.o(.data)
    sys_cmd_tab                              0x200000b0   Data          28  usmart.o(.data)
    usmart_nametab                           0x200000cc   Data          32  usmart_config.o(.data)
    usmart_dev                               0x200000ec   Data         244  usmart_config.o(.data)
    portnum                                  0x200001e4   Data           4  common.o(.data)
    wifiap_ssid                              0x200001e8   Data           4  common.o(.data)
    wifiap_password                          0x200001ec   Data           4  common.o(.data)
    kbd_fn_tbl                               0x200001f0   Data           8  common.o(.data)
    ATK_ESP8266_CWMODE_TBL                   0x200001f8   Data          12  common.o(.data)
    ATK_ESP8266_ECN_TBL                      0x20000204   Data          20  common.o(.data)
    kbd_tbl                                  0x20000218   Data          52  common.o(.data)
    wifista_ssid                             0x2000024c   Data           4  common.o(.data)
    wifista_encryption                       0x20000250   Data           4  common.o(.data)
    wifista_password                         0x20000254   Data           4  common.o(.data)
    wifiap_encryption                        0x20000258   Data           4  common.o(.data)
    ATK_ESP8266_WORKMODE_TBL                 0x2000025c   Data          12  common.o(.data)
    netpro                                   0x20000268   Data           1  wifista.o(.data)
    USART_RX_BUF                             0x2000026c   Data         200  usart.o(.bss)
    lcddev                                   0x20000334   Data          14  lcd.o(.bss)
    lcdltdc                                  0x20000344   Data          32  ltdc.o(.bss)
    SDCardInfo                               0x20000388   Data          88  sdio_sdcard.o(.bss)
    SDIO_DATA_BUFFER                         0x200003e0   Data         512  sdio_sdcard.o(.bss)
    nand_dev                                 0x200005e0   Data          92  nand.o(.bss)
    USART3_TX_BUF                            0x20000640   Data         800  usart3.o(.bss)
    USART3_RX_BUF                            0x20000960   Data         800  usart3.o(.bss)
    mem1base                                 0x20000c80   Data       163840  malloc.o(.bss)
    mem1mapbase                              0x20028c80   Data       10240  malloc.o(.bss)
    fs                                       0x2002b480   Data          12  exfuns.o(.bss)
    ftinfo                                   0x2002b498   Data          41  fontupd.o(.bss)
    __libspace_start                         0x2002b4c4   Data          96  libspace.o(.bss)
    __temporary_stack_top$libspace           0x2002b524   Data           0  libspace.o(.bss)
    ltdc_lcd_framebuf                        0xc0000000   Data       2048000  ltdc.o(.ARM.__AT_0xC0000000)
    mem2base                                 0xc01f4000   Data       29605888  malloc.o(.ARM.__AT_0xC01F4000)
    mem2mapbase                              0xc1e30000   Data       1850368  malloc.o(.ARM.__AT_0xC1E30000)



==============================================================================

Memory Map of the image

  Image Entry point : 0x080001ad

  Load Region LR_IROM1 (Base: 0x08000000, Size: 0x000164c0, Max: 0x00100000, ABSOLUTE, COMPRESSED[0x00016338])

    Execution Region ER_IROM1 (Exec base: 0x08000000, Load base: 0x08000000, Size: 0x00016254, Max: 0x00100000, ABSOLUTE)

    Exec Addr    Load Addr    Size         Type   Attr      Idx    E Section Name        Object

    0x08000000   0x08000000   0x000001ac   Data   RO            3    RESET               startup_stm32f429xx.o
    0x080001ac   0x080001ac   0x00000008   Code   RO         3487  * !!!main             c_w.l(__main.o)
    0x080001b4   0x080001b4   0x00000034   Code   RO         3819    !!!scatter          c_w.l(__scatter.o)
    0x080001e8   0x080001e8   0x0000005a   Code   RO         3817    !!dczerorl2         c_w.l(__dczerorl2.o)
    0x08000242   0x08000242   0x00000002   PAD
    0x08000244   0x08000244   0x0000001c   Code   RO         3821    !!handler_zi        c_w.l(__scatter_zi.o)
    0x08000260   0x08000260   0x00000000   Code   RO         3469    .ARM.Collect$$_printf_percent$$00000000  c_w.l(_printf_percent.o)
    0x08000260   0x08000260   0x00000006   Code   RO         3559    .ARM.Collect$$_printf_percent$$00000001  c_w.l(_printf_n.o)
    0x08000266   0x08000266   0x00000006   Code   RO         3560    .ARM.Collect$$_printf_percent$$00000002  c_w.l(_printf_p.o)
    0x0800026c   0x0800026c   0x00000006   Code   RO         3563    .ARM.Collect$$_printf_percent$$00000003  c_w.l(_printf_f.o)
    0x08000272   0x08000272   0x00000006   Code   RO         3564    .ARM.Collect$$_printf_percent$$00000004  c_w.l(_printf_e.o)
    0x08000278   0x08000278   0x00000006   Code   RO         3565    .ARM.Collect$$_printf_percent$$00000005  c_w.l(_printf_g.o)
    0x0800027e   0x0800027e   0x00000006   Code   RO         3566    .ARM.Collect$$_printf_percent$$00000006  c_w.l(_printf_a.o)
    0x08000284   0x08000284   0x0000000a   Code   RO         3570    .ARM.Collect$$_printf_percent$$00000007  c_w.l(_printf_ll.o)
    0x0800028e   0x0800028e   0x00000006   Code   RO         3562    .ARM.Collect$$_printf_percent$$00000008  c_w.l(_printf_i.o)
    0x08000294   0x08000294   0x00000006   Code   RO         3467    .ARM.Collect$$_printf_percent$$00000009  c_w.l(_printf_d.o)
    0x0800029a   0x0800029a   0x00000006   Code   RO         3468    .ARM.Collect$$_printf_percent$$0000000A  c_w.l(_printf_u.o)
    0x080002a0   0x080002a0   0x00000006   Code   RO         3561    .ARM.Collect$$_printf_percent$$0000000B  c_w.l(_printf_o.o)
    0x080002a6   0x080002a6   0x00000006   Code   RO         3466    .ARM.Collect$$_printf_percent$$0000000C  c_w.l(_printf_x.o)
    0x080002ac   0x080002ac   0x00000006   Code   RO         3568    .ARM.Collect$$_printf_percent$$0000000D  c_w.l(_printf_lli.o)
    0x080002b2   0x080002b2   0x00000006   Code   RO         3470    .ARM.Collect$$_printf_percent$$0000000E  c_w.l(_printf_lld.o)
    0x080002b8   0x080002b8   0x00000006   Code   RO         3569    .ARM.Collect$$_printf_percent$$0000000F  c_w.l(_printf_llu.o)
    0x080002be   0x080002be   0x00000006   Code   RO         3574    .ARM.Collect$$_printf_percent$$00000010  c_w.l(_printf_llo.o)
    0x080002c4   0x080002c4   0x00000006   Code   RO         3575    .ARM.Collect$$_printf_percent$$00000011  c_w.l(_printf_llx.o)
    0x080002ca   0x080002ca   0x0000000a   Code   RO         3571    .ARM.Collect$$_printf_percent$$00000012  c_w.l(_printf_l.o)
    0x080002d4   0x080002d4   0x00000006   Code   RO         3464    .ARM.Collect$$_printf_percent$$00000013  c_w.l(_printf_c.o)
    0x080002da   0x080002da   0x00000006   Code   RO         3465    .ARM.Collect$$_printf_percent$$00000014  c_w.l(_printf_s.o)
    0x080002e0   0x080002e0   0x00000006   Code   RO         3572    .ARM.Collect$$_printf_percent$$00000015  c_w.l(_printf_lc.o)
    0x080002e6   0x080002e6   0x00000006   Code   RO         3573    .ARM.Collect$$_printf_percent$$00000016  c_w.l(_printf_ls.o)
    0x080002ec   0x080002ec   0x00000004   Code   RO         3567    .ARM.Collect$$_printf_percent$$00000017  c_w.l(_printf_percent_end.o)
    0x080002f0   0x080002f0   0x00000002   Code   RO         3689    .ARM.Collect$$libinit$$00000000  c_w.l(libinit.o)
    0x080002f2   0x080002f2   0x00000004   Code   RO         3705    .ARM.Collect$$libinit$$00000001  c_w.l(libinit2.o)
    0x080002f6   0x080002f6   0x00000000   Code   RO         3708    .ARM.Collect$$libinit$$00000004  c_w.l(libinit2.o)
    0x080002f6   0x080002f6   0x00000000   Code   RO         3711    .ARM.Collect$$libinit$$0000000A  c_w.l(libinit2.o)
    0x080002f6   0x080002f6   0x00000000   Code   RO         3713    .ARM.Collect$$libinit$$0000000C  c_w.l(libinit2.o)
    0x080002f6   0x080002f6   0x00000000   Code   RO         3715    .ARM.Collect$$libinit$$0000000E  c_w.l(libinit2.o)
    0x080002f6   0x080002f6   0x00000006   Code   RO         3716    .ARM.Collect$$libinit$$0000000F  c_w.l(libinit2.o)
    0x080002fc   0x080002fc   0x00000000   Code   RO         3718    .ARM.Collect$$libinit$$00000011  c_w.l(libinit2.o)
    0x080002fc   0x080002fc   0x0000000c   Code   RO         3719    .ARM.Collect$$libinit$$00000012  c_w.l(libinit2.o)
    0x08000308   0x08000308   0x00000000   Code   RO         3720    .ARM.Collect$$libinit$$00000013  c_w.l(libinit2.o)
    0x08000308   0x08000308   0x00000000   Code   RO         3722    .ARM.Collect$$libinit$$00000015  c_w.l(libinit2.o)
    0x08000308   0x08000308   0x0000000a   Code   RO         3723    .ARM.Collect$$libinit$$00000016  c_w.l(libinit2.o)
    0x08000312   0x08000312   0x00000000   Code   RO         3724    .ARM.Collect$$libinit$$00000017  c_w.l(libinit2.o)
    0x08000312   0x08000312   0x00000000   Code   RO         3726    .ARM.Collect$$libinit$$00000019  c_w.l(libinit2.o)
    0x08000312   0x08000312   0x00000000   Code   RO         3728    .ARM.Collect$$libinit$$0000001B  c_w.l(libinit2.o)
    0x08000312   0x08000312   0x00000000   Code   RO         3730    .ARM.Collect$$libinit$$0000001D  c_w.l(libinit2.o)
    0x08000312   0x08000312   0x00000000   Code   RO         3732    .ARM.Collect$$libinit$$0000001F  c_w.l(libinit2.o)
    0x08000312   0x08000312   0x00000000   Code   RO         3734    .ARM.Collect$$libinit$$00000021  c_w.l(libinit2.o)
    0x08000312   0x08000312   0x00000000   Code   RO         3736    .ARM.Collect$$libinit$$00000023  c_w.l(libinit2.o)
    0x08000312   0x08000312   0x00000000   Code   RO         3738    .ARM.Collect$$libinit$$00000025  c_w.l(libinit2.o)
    0x08000312   0x08000312   0x00000000   Code   RO         3742    .ARM.Collect$$libinit$$0000002C  c_w.l(libinit2.o)
    0x08000312   0x08000312   0x00000000   Code   RO         3744    .ARM.Collect$$libinit$$0000002E  c_w.l(libinit2.o)
    0x08000312   0x08000312   0x00000000   Code   RO         3746    .ARM.Collect$$libinit$$00000030  c_w.l(libinit2.o)
    0x08000312   0x08000312   0x00000000   Code   RO         3748    .ARM.Collect$$libinit$$00000032  c_w.l(libinit2.o)
    0x08000312   0x08000312   0x00000002   Code   RO         3749    .ARM.Collect$$libinit$$00000033  c_w.l(libinit2.o)
    0x08000314   0x08000314   0x00000002   Code   RO         3773    .ARM.Collect$$libshutdown$$00000000  c_w.l(libshutdown.o)
    0x08000316   0x08000316   0x00000000   Code   RO         3799    .ARM.Collect$$libshutdown$$00000002  c_w.l(libshutdown2.o)
    0x08000316   0x08000316   0x00000000   Code   RO         3801    .ARM.Collect$$libshutdown$$00000004  c_w.l(libshutdown2.o)
    0x08000316   0x08000316   0x00000000   Code   RO         3804    .ARM.Collect$$libshutdown$$00000007  c_w.l(libshutdown2.o)
    0x08000316   0x08000316   0x00000000   Code   RO         3807    .ARM.Collect$$libshutdown$$0000000A  c_w.l(libshutdown2.o)
    0x08000316   0x08000316   0x00000000   Code   RO         3809    .ARM.Collect$$libshutdown$$0000000C  c_w.l(libshutdown2.o)
    0x08000316   0x08000316   0x00000000   Code   RO         3812    .ARM.Collect$$libshutdown$$0000000F  c_w.l(libshutdown2.o)
    0x08000316   0x08000316   0x00000002   Code   RO         3813    .ARM.Collect$$libshutdown$$00000010  c_w.l(libshutdown2.o)
    0x08000318   0x08000318   0x00000000   Code   RO         3527    .ARM.Collect$$rtentry$$00000000  c_w.l(__rtentry.o)
    0x08000318   0x08000318   0x00000000   Code   RO         3600    .ARM.Collect$$rtentry$$00000002  c_w.l(__rtentry2.o)
    0x08000318   0x08000318   0x00000006   Code   RO         3612    .ARM.Collect$$rtentry$$00000004  c_w.l(__rtentry4.o)
    0x0800031e   0x0800031e   0x00000000   Code   RO         3602    .ARM.Collect$$rtentry$$00000009  c_w.l(__rtentry2.o)
    0x0800031e   0x0800031e   0x00000004   Code   RO         3603    .ARM.Collect$$rtentry$$0000000A  c_w.l(__rtentry2.o)
    0x08000322   0x08000322   0x00000000   Code   RO         3605    .ARM.Collect$$rtentry$$0000000C  c_w.l(__rtentry2.o)
    0x08000322   0x08000322   0x00000008   Code   RO         3606    .ARM.Collect$$rtentry$$0000000D  c_w.l(__rtentry2.o)
    0x0800032a   0x0800032a   0x00000002   Code   RO         3694    .ARM.Collect$$rtexit$$00000000  c_w.l(rtexit.o)
    0x0800032c   0x0800032c   0x00000000   Code   RO         3751    .ARM.Collect$$rtexit$$00000002  c_w.l(rtexit2.o)
    0x0800032c   0x0800032c   0x00000004   Code   RO         3752    .ARM.Collect$$rtexit$$00000003  c_w.l(rtexit2.o)
    0x08000330   0x08000330   0x00000006   Code   RO         3753    .ARM.Collect$$rtexit$$00000004  c_w.l(rtexit2.o)
    0x08000336   0x08000336   0x00000002   PAD
    0x08000338   0x08000338   0x00000044   Code   RO            4    .text               startup_stm32f429xx.o
    0x0800037c   0x0800037c   0x00000002   Code   RO         3397    .text               c_w.l(use_no_semi_2.o)
    0x0800037e   0x0800037e   0x000000ee   Code   RO         3399    .text               c_w.l(lludivv7m.o)
    0x0800046c   0x0800046c   0x00000048   Code   RO         3401    .text               c_w.l(llsdiv.o)
    0x080004b4   0x080004b4   0x00000024   Code   RO         3403    .text               c_w.l(vsprintf.o)
    0x080004d8   0x080004d8   0x00000018   Code   RO         3405    .text               c_w.l(__2printf.o)
    0x080004f0   0x080004f0   0x0000002c   Code   RO         3407    .text               c_w.l(__2sprintf.o)
    0x0800051c   0x0800051c   0x0000004e   Code   RO         3415    .text               c_w.l(_printf_pad.o)
    0x0800056a   0x0800056a   0x00000052   Code   RO         3417    .text               c_w.l(_printf_str.o)
    0x080005bc   0x080005bc   0x00000078   Code   RO         3419    .text               c_w.l(_printf_dec.o)
    0x08000634   0x08000634   0x0000007c   Code   RO         3421    .text               c_w.l(_printf_longlong_dec.o)
    0x080006b0   0x080006b0   0x00000094   Code   RO         3441    .text               c_w.l(_printf_hex_int_ll_ptr.o)
    0x08000744   0x08000744   0x00000188   Code   RO         3461    .text               c_w.l(__printf_flags_ss_wp.o)
    0x080008cc   0x080008cc   0x00000024   Code   RO         3471    .text               c_w.l(strstr.o)
    0x080008f0   0x080008f0   0x00000048   Code   RO         3473    .text               c_w.l(strcpy.o)
    0x08000938   0x08000938   0x0000003e   Code   RO         3475    .text               c_w.l(strlen.o)
    0x08000976   0x08000976   0x00000018   Code   RO         3477    .text               c_w.l(strcat.o)
    0x0800098e   0x0800098e   0x0000008a   Code   RO         3479    .text               c_w.l(rt_memcpy_v6.o)
    0x08000a18   0x08000a18   0x00000044   Code   RO         3481    .text               c_w.l(rt_memclr.o)
    0x08000a5c   0x08000a5c   0x00000080   Code   RO         3483    .text               c_w.l(strcmpv7m.o)
    0x08000adc   0x08000adc   0x00000006   Code   RO         3485    .text               c_w.l(heapauxi.o)
    0x08000ae2   0x08000ae2   0x00000002   Code   RO         3525    .text               c_w.l(use_no_semi.o)
    0x08000ae4   0x08000ae4   0x0000008a   Code   RO         3532    .text               c_w.l(lludiv10.o)
    0x08000b6e   0x08000b6e   0x00000016   Code   RO         3534    .text               c_w.l(_rserrno.o)
    0x08000b84   0x08000b84   0x00000024   Code   RO         3536    .text               c_w.l(_printf_truncate.o)
    0x08000ba8   0x08000ba8   0x000000b2   Code   RO         3538    .text               c_w.l(_printf_intcommon.o)
    0x08000c5a   0x08000c5a   0x00000028   Code   RO         3540    .text               c_w.l(_printf_charcount.o)
    0x08000c82   0x08000c82   0x00000002   PAD
    0x08000c84   0x08000c84   0x00000030   Code   RO         3542    .text               c_w.l(_printf_char_common.o)
    0x08000cb4   0x08000cb4   0x0000000a   Code   RO         3544    .text               c_w.l(_sputc.o)
    0x08000cbe   0x08000cbe   0x0000002c   Code   RO         3546    .text               c_w.l(_printf_char.o)
    0x08000cea   0x08000cea   0x00000002   PAD
    0x08000cec   0x08000cec   0x00000024   Code   RO         3548    .text               c_w.l(_printf_char_file.o)
    0x08000d10   0x08000d10   0x000000bc   Code   RO         3550    .text               c_w.l(_printf_wctomb.o)
    0x08000dcc   0x08000dcc   0x00000070   Code   RO         3557    .text               c_w.l(_printf_oct_int_ll.o)
    0x08000e3c   0x08000e3c   0x00000064   Code   RO         3576    .text               c_w.l(rt_memcpy_w.o)
    0x08000ea0   0x08000ea0   0x0000004e   Code   RO         3578    .text               c_w.l(rt_memclr_w.o)
    0x08000eee   0x08000eee   0x00000002   PAD
    0x08000ef0   0x08000ef0   0x00000008   Code   RO         3619    .text               c_w.l(rt_errno_addr_intlibspace.o)
    0x08000ef8   0x08000ef8   0x0000041a   Code   RO         3621    .text               c_w.l(_printf_fp_dec.o)
    0x08001312   0x08001312   0x00000002   PAD
    0x08001314   0x08001314   0x000002fc   Code   RO         3623    .text               c_w.l(_printf_fp_hex.o)
    0x08001610   0x08001610   0x0000002c   Code   RO         3628    .text               c_w.l(_printf_wchar.o)
    0x0800163c   0x0800163c   0x00000008   Code   RO         3630    .text               c_w.l(ferror.o)
    0x08001644   0x08001644   0x00000040   Code   RO         3634    .text               c_w.l(_wcrtomb.o)
    0x08001684   0x08001684   0x00000008   Code   RO         3636    .text               c_w.l(libspace.o)
    0x0800168c   0x0800168c   0x0000004a   Code   RO         3639    .text               c_w.l(sys_stackheap_outer.o)
    0x080016d6   0x080016d6   0x00000002   PAD
    0x080016d8   0x080016d8   0x00000010   Code   RO         3641    .text               c_w.l(rt_ctype_table.o)
    0x080016e8   0x080016e8   0x00000008   Code   RO         3646    .text               c_w.l(rt_locale_intlibspace.o)
    0x080016f0   0x080016f0   0x00000080   Code   RO         3648    .text               c_w.l(_printf_fp_infnan.o)
    0x08001770   0x08001770   0x000000dc   Code   RO         3650    .text               c_w.l(bigflt0.o)
    0x0800184c   0x0800184c   0x00000012   Code   RO         3678    .text               c_w.l(exit.o)
    0x0800185e   0x0800185e   0x0000003e   Code   RO         3653    CL$$btod_d2e        c_w.l(btod.o)
    0x0800189c   0x0800189c   0x00000046   Code   RO         3655    CL$$btod_d2e_denorm_low  c_w.l(btod.o)
    0x080018e2   0x080018e2   0x00000060   Code   RO         3654    CL$$btod_d2e_norm_op1  c_w.l(btod.o)
    0x08001942   0x08001942   0x00000338   Code   RO         3663    CL$$btod_div_common  c_w.l(btod.o)
    0x08001c7a   0x08001c7a   0x000000c6   Code   RO         3660    CL$$btod_e2e        c_w.l(btod.o)
    0x08001d40   0x08001d40   0x00000028   Code   RO         3657    CL$$btod_ediv       c_w.l(btod.o)
    0x08001d68   0x08001d68   0x00000028   Code   RO         3656    CL$$btod_emul       c_w.l(btod.o)
    0x08001d90   0x08001d90   0x00000244   Code   RO         3662    CL$$btod_mult_common  c_w.l(btod.o)
    0x08001fd4   0x08001fd4   0x00000004   Code   RO          436    i.AT24CXX_Init      24cxx.o
    0x08001fd8   0x08001fd8   0x0000002a   Code   RO          438    i.AT24CXX_ReadLenByte  24cxx.o
    0x08002002   0x08002002   0x00000042   Code   RO          439    i.AT24CXX_ReadOneByte  24cxx.o
    0x08002044   0x08002044   0x0000002a   Code   RO          441    i.AT24CXX_WriteLenByte  24cxx.o
    0x0800206e   0x0800206e   0x0000003e   Code   RO          442    i.AT24CXX_WriteOneByte  24cxx.o
    0x080020ac   0x080020ac   0x0000004c   Code   RO         1255    i.CT_IIC_Ack        ctiic.o
    0x080020f8   0x080020f8   0x00000048   Code   RO         1256    i.CT_IIC_Init       ctiic.o
    0x08002140   0x08002140   0x0000004c   Code   RO         1257    i.CT_IIC_NAck       ctiic.o
    0x0800218c   0x0800218c   0x00000070   Code   RO         1258    i.CT_IIC_Read_Byte  ctiic.o
    0x080021fc   0x080021fc   0x00000068   Code   RO         1259    i.CT_IIC_Send_Byte  ctiic.o
    0x08002264   0x08002264   0x0000004c   Code   RO         1260    i.CT_IIC_Start      ctiic.o
    0x080022b0   0x080022b0   0x00000044   Code   RO         1261    i.CT_IIC_Stop       ctiic.o
    0x080022f4   0x080022f4   0x00000054   Code   RO         1262    i.CT_IIC_Wait_Ack   ctiic.o
    0x08002348   0x08002348   0x0000002c   Code   RO          883    i.CmdError          sdio_sdcard.o
    0x08002374   0x08002374   0x0000004c   Code   RO          884    i.CmdResp1Error     sdio_sdcard.o
    0x080023c0   0x080023c0   0x00000048   Code   RO          885    i.CmdResp2Error     sdio_sdcard.o
    0x08002408   0x08002408   0x00000030   Code   RO          886    i.CmdResp3Error     sdio_sdcard.o
    0x08002438   0x08002438   0x00000074   Code   RO          887    i.CmdResp6Error     sdio_sdcard.o
    0x080024ac   0x080024ac   0x00000040   Code   RO          888    i.CmdResp7Error     sdio_sdcard.o
    0x080024ec   0x080024ec   0x000000e4   Code   RO         1329    i.FT5206_Init       ft5206.o
    0x080025d0   0x080025d0   0x00000056   Code   RO         1330    i.FT5206_RD_Reg     ft5206.o
    0x08002626   0x08002626   0x00000002   PAD
    0x08002628   0x08002628   0x00000138   Code   RO         1331    i.FT5206_Scan       ft5206.o
    0x08002760   0x08002760   0x00000048   Code   RO         1332    i.FT5206_WR_Reg     ft5206.o
    0x080027a8   0x080027a8   0x00000030   Code   RO         1699    i.FTL_BadBlockMark  ftl.o
    0x080027d8   0x080027d8   0x000000d0   Code   RO         1700    i.FTL_BlockCompare  ftl.o
    0x080028a8   0x080028a8   0x0000004c   Code   RO         1701    i.FTL_CheckBadBlock  ftl.o
    0x080028f4   0x080028f4   0x000000c8   Code   RO         1702    i.FTL_CopyAndWriteToBlock  ftl.o
    0x080029bc   0x080029bc   0x000000c8   Code   RO         1703    i.FTL_CreateLUT     ftl.o
    0x08002a84   0x08002a84   0x0000004c   Code   RO         1704    i.FTL_FindSamePlaneUnusedBlock  ftl.o
    0x08002ad0   0x08002ad0   0x00000044   Code   RO         1705    i.FTL_FindUnusedBlock  ftl.o
    0x08002b14   0x08002b14   0x000000c0   Code   RO         1706    i.FTL_Format        ftl.o
    0x08002bd4   0x08002bd4   0x000000e0   Code   RO         1707    i.FTL_Init          ftl.o
    0x08002cb4   0x08002cb4   0x0000001c   Code   RO         1708    i.FTL_LBNToPBN      ftl.o
    0x08002cd0   0x08002cd0   0x00000110   Code   RO         1709    i.FTL_ReadSectors   ftl.o
    0x08002de0   0x08002de0   0x00000020   Code   RO         1711    i.FTL_UsedBlockMark  ftl.o
    0x08002e00   0x08002e00   0x00000118   Code   RO         1712    i.FTL_WriteSectors  ftl.o
    0x08002f18   0x08002f18   0x000000e0   Code   RO          889    i.FindSCR           sdio_sdcard.o
    0x08002ff8   0x08002ff8   0x00000020   Code   RO          210    i.GPIO_AF_Set       sys.o
    0x08003018   0x08003018   0x00000080   Code   RO          211    i.GPIO_Set          sys.o
    0x08003098   0x08003098   0x0000012c   Code   RO         1375    i.GT9147_Init       gt9147.o
    0x080031c4   0x080031c4   0x00000060   Code   RO         1376    i.GT9147_RD_Reg     gt9147.o
    0x08003224   0x08003224   0x000001cc   Code   RO         1377    i.GT9147_Scan       gt9147.o
    0x080033f0   0x080033f0   0x0000004c   Code   RO         1378    i.GT9147_Send_Cfg   gt9147.o
    0x0800343c   0x0800343c   0x00000052   Code   RO         1379    i.GT9147_WR_Reg     gt9147.o
    0x0800348e   0x0800348e   0x00000002   PAD
    0x08003490   0x08003490   0x00000098   Code   RO         2939    i.Get_HzMat         text.o
    0x08003528   0x08003528   0x00000040   Code   RO          366    i.IIC_Ack           myiic.o
    0x08003568   0x08003568   0x00000038   Code   RO          367    i.IIC_Init          myiic.o
    0x080035a0   0x080035a0   0x00000040   Code   RO          368    i.IIC_NAck          myiic.o
    0x080035e0   0x080035e0   0x00000068   Code   RO          369    i.IIC_Read_Byte     myiic.o
    0x08003648   0x08003648   0x00000060   Code   RO          370    i.IIC_Send_Byte     myiic.o
    0x080036a8   0x080036a8   0x00000040   Code   RO          371    i.IIC_Start         myiic.o
    0x080036e8   0x080036e8   0x00000044   Code   RO          372    i.IIC_Stop          myiic.o
    0x0800372c   0x0800372c   0x00000054   Code   RO          373    i.IIC_Wait_Ack      myiic.o
    0x08003780   0x08003780   0x00000004   Code   RO          212    i.INTX_DISABLE      sys.o
    0x08003784   0x08003784   0x00000004   Code   RO          213    i.INTX_ENABLE       sys.o
    0x08003788   0x08003788   0x00000080   Code   RO          890    i.IsCardProgramming  sdio_sdcard.o
    0x08003808   0x08003808   0x00000064   Code   RO          504    i.KEY_Init          key.o
    0x0800386c   0x0800386c   0x000000a0   Code   RO          505    i.KEY_Scan          key.o
    0x0800390c   0x0800390c   0x00000048   Code   RO          536    i.LCD_Clear         lcd.o
    0x08003954   0x08003954   0x000000f4   Code   RO          540    i.LCD_Display_Dir   lcd.o
    0x08003a48   0x08003a48   0x00000096   Code   RO          541    i.LCD_DrawLine      lcd.o
    0x08003ade   0x08003ade   0x00000002   PAD
    0x08003ae0   0x08003ae0   0x00000030   Code   RO          542    i.LCD_DrawPoint     lcd.o
    0x08003b10   0x08003b10   0x0000003a   Code   RO          543    i.LCD_DrawRectangle  lcd.o
    0x08003b4a   0x08003b4a   0x000000b0   Code   RO          544    i.LCD_Draw_Circle   lcd.o
    0x08003bfa   0x08003bfa   0x00000002   PAD
    0x08003bfc   0x08003bfc   0x000000f8   Code   RO          545    i.LCD_Fast_DrawPoint  lcd.o
    0x08003cf4   0x08003cf4   0x00000060   Code   RO          546    i.LCD_Fill          lcd.o
    0x08003d54   0x08003d54   0x000024c8   Code   RO          547    i.LCD_Init          lcd.o
    0x0800621c   0x0800621c   0x00000010   Code   RO          548    i.LCD_Pow           lcd.o
    0x0800622c   0x0800622c   0x00000014   Code   RO          549    i.LCD_RD_DATA       lcd.o
    0x08006240   0x08006240   0x00000050   Code   RO          552    i.LCD_SSD_BackLightSet  lcd.o
    0x08006290   0x08006290   0x000001b8   Code   RO          553    i.LCD_Scan_Dir      lcd.o
    0x08006448   0x08006448   0x00000104   Code   RO          554    i.LCD_SetCursor     lcd.o
    0x0800654c   0x0800654c   0x000000dc   Code   RO          556    i.LCD_ShowChar      lcd.o
    0x08006628   0x08006628   0x00000076   Code   RO          557    i.LCD_ShowNum       lcd.o
    0x0800669e   0x0800669e   0x00000054   Code   RO          558    i.LCD_ShowString    lcd.o
    0x080066f2   0x080066f2   0x00000002   PAD
    0x080066f4   0x080066f4   0x00000018   Code   RO          560    i.LCD_WR_DATA       lcd.o
    0x0800670c   0x0800670c   0x00000018   Code   RO          561    i.LCD_WR_REG        lcd.o
    0x08006724   0x08006724   0x00000014   Code   RO          563    i.LCD_WriteRAM_Prepare  lcd.o
    0x08006738   0x08006738   0x00000010   Code   RO          564    i.LCD_WriteReg      lcd.o
    0x08006748   0x08006748   0x00000038   Code   RO          859    i.LED_Init          led.o
    0x08006780   0x08006780   0x00000020   Code   RO          751    i.LTDC_Clear        ltdc.o
    0x080067a0   0x080067a0   0x00000078   Code   RO          752    i.LTDC_Clk_Set      ltdc.o
    0x08006818   0x08006818   0x00000028   Code   RO          754    i.LTDC_Display_Dir  ltdc.o
    0x08006840   0x08006840   0x0000003c   Code   RO          755    i.LTDC_Draw_Point   ltdc.o
    0x0800687c   0x0800687c   0x000000ac   Code   RO          756    i.LTDC_Fill         ltdc.o
    0x08006928   0x08006928   0x00000304   Code   RO          757    i.LTDC_Init         ltdc.o
    0x08006c2c   0x08006c2c   0x00000048   Code   RO          758    i.LTDC_Layer_Parameter_Config  ltdc.o
    0x08006c74   0x08006c74   0x00000048   Code   RO          759    i.LTDC_Layer_Switch  ltdc.o
    0x08006cbc   0x08006cbc   0x000000e8   Code   RO          760    i.LTDC_Layer_Window_Config  ltdc.o
    0x08006da4   0x08006da4   0x00000094   Code   RO          761    i.LTDC_PanelID_Read  ltdc.o
    0x08006e38   0x08006e38   0x00000020   Code   RO          764    i.LTDC_Switch       ltdc.o
    0x08006e58   0x08006e58   0x0000004a   Code   RO          214    i.MY_NVIC_Init      sys.o
    0x08006ea2   0x08006ea2   0x00000002   PAD
    0x08006ea4   0x08006ea4   0x00000024   Code   RO          215    i.MY_NVIC_PriorityGroupConfig  sys.o
    0x08006ec8   0x08006ec8   0x00000010   Code   RO          216    i.MY_NVIC_SetVectorTable  sys.o
    0x08006ed8   0x08006ed8   0x000001a4   Code   RO         1808    i.NAND_CopyPageWithWrite  nand.o
    0x0800707c   0x0800707c   0x00000078   Code   RO         1809    i.NAND_CopyPageWithoutWrite  nand.o
    0x080070f4   0x080070f4   0x00000010   Code   RO         1810    i.NAND_Delay        nand.o
    0x08007104   0x08007104   0x00000094   Code   RO         1811    i.NAND_ECC_Correction  nand.o
    0x08007198   0x08007198   0x00000030   Code   RO         1812    i.NAND_ECC_Get_OE   nand.o
    0x080071c8   0x080071c8   0x00000054   Code   RO         1813    i.NAND_EraseBlock   nand.o
    0x0800721c   0x0800721c   0x0000018c   Code   RO         1815    i.NAND_Init         nand.o
    0x080073a8   0x080073a8   0x00000034   Code   RO         1816    i.NAND_ModeSet      nand.o
    0x080073dc   0x080073dc   0x00000048   Code   RO         1817    i.NAND_ReadID       nand.o
    0x08007424   0x08007424   0x0000023c   Code   RO         1818    i.NAND_ReadPage     nand.o
    0x08007660   0x08007660   0x00000068   Code   RO         1819    i.NAND_ReadPageComp  nand.o
    0x080076c8   0x080076c8   0x00000020   Code   RO         1820    i.NAND_ReadSpare    nand.o
    0x080076e8   0x080076e8   0x00000054   Code   RO         1821    i.NAND_ReadStatus   nand.o
    0x0800773c   0x0800773c   0x0000001c   Code   RO         1822    i.NAND_Reset        nand.o
    0x08007758   0x08007758   0x00000028   Code   RO         1823    i.NAND_WaitForReady  nand.o
    0x08007780   0x08007780   0x0000003c   Code   RO         1824    i.NAND_WaitRB       nand.o
    0x080077bc   0x080077bc   0x00000150   Code   RO         1825    i.NAND_WritePage    nand.o
    0x0800790c   0x0800790c   0x00000050   Code   RO         1826    i.NAND_WritePageConst  nand.o
    0x0800795c   0x0800795c   0x00000020   Code   RO         1827    i.NAND_WriteSpare   nand.o
    0x0800797c   0x0800797c   0x000000a4   Code   RO         1427    i.OTT2001A_Init     ott2001a.o
    0x08007a20   0x08007a20   0x00000060   Code   RO         1428    i.OTT2001A_RD_Reg   ott2001a.o
    0x08007a80   0x08007a80   0x00000174   Code   RO         1429    i.OTT2001A_Scan     ott2001a.o
    0x08007bf4   0x08007bf4   0x0000001e   Code   RO         1430    i.OTT2001A_SensorControl  ott2001a.o
    0x08007c12   0x08007c12   0x00000052   Code   RO         1431    i.OTT2001A_WR_Reg   ott2001a.o
    0x08007c64   0x08007c64   0x00000064   Code   RO          891    i.SDEnWideBus       sdio_sdcard.o
    0x08007cc8   0x08007cc8   0x00000014   Code   RO          892    i.SDIO_Clock_Set    sdio_sdcard.o
    0x08007cdc   0x08007cdc   0x00000004   Code   RO          893    i.SDIO_IRQHandler   sdio_sdcard.o
    0x08007ce0   0x08007ce0   0x00000024   Code   RO          894    i.SDIO_Send_Cmd     sdio_sdcard.o
    0x08007d04   0x08007d04   0x00000030   Code   RO          895    i.SDIO_Send_Data_Cfg  sdio_sdcard.o
    0x08007d34   0x08007d34   0x0000028c   Code   RO         1085    i.SDRAM_Init        sdram.o
    0x08007fc0   0x08007fc0   0x0000003a   Code   RO         1086    i.SDRAM_Send_Cmd    sdram.o
    0x08007ffa   0x08007ffa   0x00000002   PAD
    0x08007ffc   0x08007ffc   0x00000060   Code   RO          896    i.SD_DMA_Config     sdio_sdcard.o
    0x0800805c   0x0800805c   0x00000044   Code   RO          897    i.SD_EnableWideBusOperation  sdio_sdcard.o
    0x080080a0   0x080080a0   0x00000218   Code   RO          898    i.SD_GetCardInfo    sdio_sdcard.o
    0x080082b8   0x080082b8   0x00000150   Code   RO          900    i.SD_Init           sdio_sdcard.o
    0x08008408   0x08008408   0x000000dc   Code   RO          901    i.SD_InitializeCards  sdio_sdcard.o
    0x080084e4   0x080084e4   0x0000012c   Code   RO          903    i.SD_PowerON        sdio_sdcard.o
    0x08008610   0x08008610   0x000000d8   Code   RO          904    i.SD_ProcessIRQSrc  sdio_sdcard.o
    0x080086e8   0x080086e8   0x000001cc   Code   RO          905    i.SD_ReadBlocks     sdio_sdcard.o
    0x080088b4   0x080088b4   0x00000078   Code   RO          906    i.SD_ReadDisk       sdio_sdcard.o
    0x0800892c   0x0800892c   0x00000016   Code   RO          907    i.SD_SelectDeselect  sdio_sdcard.o
    0x08008942   0x08008942   0x00000002   PAD
    0x08008944   0x08008944   0x00000018   Code   RO          909    i.SD_SetDeviceMode  sdio_sdcard.o
    0x0800895c   0x0800895c   0x000002c8   Code   RO          910    i.SD_WriteBlocks    sdio_sdcard.o
    0x08008c24   0x08008c24   0x00000070   Code   RO          911    i.SD_WriteDisk      sdio_sdcard.o
    0x08008c94   0x08008c94   0x00000088   Code   RO         1128    i.SPI5_Init         spi.o
    0x08008d1c   0x08008d1c   0x0000001c   Code   RO         1129    i.SPI5_ReadWriteByte  spi.o
    0x08008d38   0x08008d38   0x00000028   Code   RO         1130    i.SPI5_SetSpeed     spi.o
    0x08008d60   0x08008d60   0x000000a8   Code   RO         2940    i.Show_Font         text.o
    0x08008e08   0x08008e08   0x000000ae   Code   RO         2941    i.Show_Str          text.o
    0x08008eb6   0x08008eb6   0x00000002   PAD
    0x08008eb8   0x08008eb8   0x00000058   Code   RO         2942    i.Show_Str_Mid      text.o
    0x08008f10   0x08008f10   0x0000004c   Code   RO          217    i.Stm32_Clock_Init  sys.o
    0x08008f5c   0x08008f5c   0x000000d4   Code   RO          218    i.Sys_Clock_Set     sys.o
    0x08009030   0x08009030   0x0000002c   Code   RO         1181    i.TIM3_IRQHandler   timer.o
    0x0800905c   0x0800905c   0x00000034   Code   RO         2981    i.TIM4_IRQHandler   usmart.o
    0x08009090   0x08009090   0x00000090   Code   RO         1185    i.TIM5_IRQHandler   timer.o
    0x08009120   0x08009120   0x00000030   Code   RO         1186    i.TIM7_IRQHandler   timer.o
    0x08009150   0x08009150   0x00000048   Code   RO         1187    i.TIM7_Int_Init     timer.o
    0x08009198   0x08009198   0x00000178   Code   RO         1479    i.TP_Adj_Info_Show  touch.o
    0x08009310   0x08009310   0x00000568   Code   RO         1480    i.TP_Adjust         touch.o
    0x08009878   0x08009878   0x00000070   Code   RO         1482    i.TP_Drow_Touch_Point  touch.o
    0x080098e8   0x080098e8   0x0000008c   Code   RO         1483    i.TP_Get_Adjdata    touch.o
    0x08009974   0x08009974   0x0000012c   Code   RO         1484    i.TP_Init           touch.o
    0x08009aa0   0x08009aa0   0x0000008c   Code   RO         1485    i.TP_Read_AD        touch.o
    0x08009b2c   0x08009b2c   0x00000060   Code   RO         1486    i.TP_Read_XOY       touch.o
    0x08009b8c   0x08009b8c   0x00000028   Code   RO         1487    i.TP_Read_XY        touch.o
    0x08009bb4   0x08009bb4   0x0000007c   Code   RO         1488    i.TP_Read_XY2       touch.o
    0x08009c30   0x08009c30   0x00000078   Code   RO         1489    i.TP_Save_Adjdata   touch.o
    0x08009ca8   0x08009ca8   0x000000c0   Code   RO         1490    i.TP_Scan           touch.o
    0x08009d68   0x08009d68   0x00000048   Code   RO         1491    i.TP_Write_Byte     touch.o
    0x08009db0   0x08009db0   0x00000040   Code   RO         2982    i.Timer4_Init       usmart.o
    0x08009df0   0x08009df0   0x00000058   Code   RO          306    i.USART1_IRQHandler  usart.o
    0x08009e48   0x08009e48   0x00000060   Code   RO         2015    i.USART3_IRQHandler  usart3.o
    0x08009ea8   0x08009ea8   0x0000006c   Code   RO         1588    i.W25QXX_Erase_Sector  w25qxx.o
    0x08009f14   0x08009f14   0x0000006c   Code   RO         1589    i.W25QXX_Init       w25qxx.o
    0x08009f80   0x08009f80   0x00000068   Code   RO         1591    i.W25QXX_Read       w25qxx.o
    0x08009fe8   0x08009fe8   0x00000044   Code   RO         1592    i.W25QXX_ReadID     w25qxx.o
    0x0800a02c   0x0800a02c   0x00000038   Code   RO         1593    i.W25QXX_ReadSR     w25qxx.o
    0x0800a064   0x0800a064   0x0000000e   Code   RO         1595    i.W25QXX_Wait_Busy  w25qxx.o
    0x0800a072   0x0800a072   0x000000a6   Code   RO         1596    i.W25QXX_Write      w25qxx.o
    0x0800a118   0x0800a118   0x00000020   Code   RO         1598    i.W25QXX_Write_Enable  w25qxx.o
    0x0800a138   0x0800a138   0x0000003e   Code   RO         1599    i.W25QXX_Write_NoCheck  w25qxx.o
    0x0800a176   0x0800a176   0x00000002   PAD
    0x0800a178   0x0800a178   0x0000006c   Code   RO         1600    i.W25QXX_Write_Page  w25qxx.o
    0x0800a1e4   0x0800a1e4   0x00000030   Code   RO         3692    i.__ARM_fpclassify  m_wm.l(fpclassify.o)
    0x0800a214   0x0800a214   0x0000007a   Code   RO         3513    i.__hardfp_sqrt     m_wm.l(sqrt.o)
    0x0800a28e   0x0800a28e   0x0000000e   Code   RO         3454    i._is_digit         c_w.l(__printf_wp.o)
    0x0800a29c   0x0800a29c   0x00000002   Code   RO          307    i._sys_exit         usart.o
    0x0800a29e   0x0800a29e   0x00000002   PAD
    0x0800a2a0   0x0800a2a0   0x000007f0   Code   RO         3174    i.atk_8266_apsta_test  apsta.o
    0x0800aa90   0x0800aa90   0x00000034   Code   RO         3199    i.atk_8266_at_response  common.o
    0x0800aac4   0x0800aac4   0x00000028   Code   RO         3200    i.atk_8266_check_cmd  common.o
    0x0800aaec   0x0800aaec   0x00000040   Code   RO         3201    i.atk_8266_consta_check  common.o
    0x0800ab2c   0x0800ab2c   0x00000140   Code   RO         3202    i.atk_8266_get_ip   common.o
    0x0800ac6c   0x0800ac6c   0x000000c8   Code   RO         3203    i.atk_8266_get_keynum  common.o
    0x0800ad34   0x0800ad34   0x00000050   Code   RO         3204    i.atk_8266_get_wanip  common.o
    0x0800ad84   0x0800ad84   0x00000194   Code   RO         3205    i.atk_8266_ip_set   common.o
    0x0800af18   0x0800af18   0x0000009c   Code   RO         3206    i.atk_8266_key_staset  common.o
    0x0800afb4   0x0800afb4   0x0000010c   Code   RO         3207    i.atk_8266_load_keyboard  common.o
    0x0800b0c0   0x0800b0c0   0x00000260   Code   RO         3208    i.atk_8266_mode_cofig  common.o
    0x0800b320   0x0800b320   0x0000032c   Code   RO         3209    i.atk_8266_msg_show  common.o
    0x0800b64c   0x0800b64c   0x000000f8   Code   RO         3210    i.atk_8266_mtest_ui  common.o
    0x0800b744   0x0800b744   0x00000234   Code   RO         3211    i.atk_8266_netpro_sel  common.o
    0x0800b978   0x0800b978   0x00000050   Code   RO         3212    i.atk_8266_quit_trans  common.o
    0x0800b9c8   0x0800b9c8   0x0000006c   Code   RO         3213    i.atk_8266_send_cmd  common.o
    0x0800ba34   0x0800ba34   0x00000054   Code   RO         3214    i.atk_8266_send_data  common.o
    0x0800ba88   0x0800ba88   0x00000200   Code   RO         3215    i.atk_8266_test     common.o
    0x0800bc88   0x0800bc88   0x0000075c   Code   RO         3347    i.atk_8266_wifiap_test  wifiap.o
    0x0800c3e4   0x0800c3e4   0x000000e8   Code   RO         3216    i.atk_8266_wificonf_show  common.o
    0x0800c4cc   0x0800c4cc   0x000007cc   Code   RO         3371    i.atk_8266_wifista_test  wifista.o
    0x0800cc98   0x0800cc98   0x00000076   Code   RO         2484    i.change_bitmap     ff.o
    0x0800cd0e   0x0800cd0e   0x00000002   PAD
    0x0800cd10   0x0800cd10   0x00000074   Code   RO         2485    i.check_fs          ff.o
    0x0800cd84   0x0800cd84   0x00000010   Code   RO         2486    i.chk_chr           ff.o
    0x0800cd94   0x0800cd94   0x00000032   Code   RO         2487    i.clmt_clust        ff.o
    0x0800cdc6   0x0800cdc6   0x00000018   Code   RO         2488    i.clust2sect        ff.o
    0x0800cdde   0x0800cdde   0x00000002   PAD
    0x0800cde0   0x0800cde0   0x00000084   Code   RO         2489    i.cmp_lfn           ff.o
    0x0800ce64   0x0800ce64   0x0000010e   Code   RO         2490    i.create_chain      ff.o
    0x0800cf72   0x0800cf72   0x00000002   PAD
    0x0800cf74   0x0800cf74   0x00000218   Code   RO         2491    i.create_name       ff.o
    0x0800d18c   0x0800d18c   0x0000007c   Code   RO         2492    i.create_xdir       ff.o
    0x0800d208   0x0800d208   0x00000024   Code   RO          164    i.delay_init        delay.o
    0x0800d22c   0x0800d22c   0x00000034   Code   RO          165    i.delay_ms          delay.o
    0x0800d260   0x0800d260   0x00000028   Code   RO          166    i.delay_us          delay.o
    0x0800d288   0x0800d288   0x00000028   Code   RO          167    i.delay_xms         delay.o
    0x0800d2b0   0x0800d2b0   0x00000058   Code   RO         2493    i.dir_alloc         ff.o
    0x0800d308   0x0800d308   0x0000013c   Code   RO         2494    i.dir_find          ff.o
    0x0800d444   0x0800d444   0x00000104   Code   RO         2495    i.dir_next          ff.o
    0x0800d548   0x0800d548   0x000000e6   Code   RO         2496    i.dir_read          ff.o
    0x0800d62e   0x0800d62e   0x00000002   PAD
    0x0800d630   0x0800d630   0x0000023c   Code   RO         2497    i.dir_register      ff.o
    0x0800d86c   0x0800d86c   0x00000096   Code   RO         2499    i.dir_sdi           ff.o
    0x0800d902   0x0800d902   0x00000028   Code   RO         2418    i.disk_initialize   diskio.o
    0x0800d92a   0x0800d92a   0x00000002   PAD
    0x0800d92c   0x0800d92c   0x000000a4   Code   RO         2419    i.disk_ioctl        diskio.o
    0x0800d9d0   0x0800d9d0   0x00000066   Code   RO         2420    i.disk_read         diskio.o
    0x0800da36   0x0800da36   0x00000004   Code   RO         2421    i.disk_status       diskio.o
    0x0800da3a   0x0800da3a   0x00000066   Code   RO         2422    i.disk_write        diskio.o
    0x0800daa0   0x0800daa0   0x00000064   Code   RO         2154    i.exfuns_init       exfuns.o
    0x0800db04   0x0800db04   0x0000001e   Code   RO         2500    i.f_close           ff.o
    0x0800db22   0x0800db22   0x00000002   PAD
    0x0800db24   0x0800db24   0x0000004c   Code   RO         2508    i.f_mount           ff.o
    0x0800db70   0x0800db70   0x00000272   Code   RO         2509    i.f_open            ff.o
    0x0800dde2   0x0800dde2   0x00000176   Code   RO         2514    i.f_read            ff.o
    0x0800df58   0x0800df58   0x00000152   Code   RO         2519    i.f_sync            ff.o
    0x0800e0aa   0x0800e0aa   0x00000002   PAD
    0x0800e0ac   0x0800e0ac   0x00000070   Code   RO         2387    i.ff_convert        mycc936.o
    0x0800e11c   0x0800e11c   0x00000008   Code   RO         2423    i.ff_memalloc       diskio.o
    0x0800e124   0x0800e124   0x00000008   Code   RO         2424    i.ff_memfree        diskio.o
    0x0800e12c   0x0800e12c   0x00000024   Code   RO         2388    i.ff_wtoupper       mycc936.o
    0x0800e150   0x0800e150   0x0000002e   Code   RO         2523    i.fill_fat_chain    ff.o
    0x0800e17e   0x0800e17e   0x00000092   Code   RO         2524    i.find_bitmap       ff.o
    0x0800e210   0x0800e210   0x00000350   Code   RO         2525    i.find_volume       ff.o
    0x0800e560   0x0800e560   0x000000b4   Code   RO         2526    i.follow_path       ff.o
    0x0800e614   0x0800e614   0x00000040   Code   RO         2885    i.font_init         fontupd.o
    0x0800e654   0x0800e654   0x00000014   Code   RO          309    i.fputc             usart.o
    0x0800e668   0x0800e668   0x00000084   Code   RO         2886    i.fupd_prog         fontupd.o
    0x0800e6ec   0x0800e6ec   0x0000008c   Code   RO         2527    i.gen_numname       ff.o
    0x0800e778   0x0800e778   0x00000126   Code   RO         2528    i.get_fat           ff.o
    0x0800e89e   0x0800e89e   0x00000004   Code   RO         2425    i.get_fattime       diskio.o
    0x0800e8a2   0x0800e8a2   0x0000003c   Code   RO         2530    i.get_ldnumber      ff.o
    0x0800e8de   0x0800e8de   0x00000026   Code   RO         2532    i.ld_clust          ff.o
    0x0800e904   0x0800e904   0x00000016   Code   RO         2533    i.ld_dword          ff.o
    0x0800e91a   0x0800e91a   0x00000056   Code   RO         2534    i.ld_qword          ff.o
    0x0800e970   0x0800e970   0x0000000a   Code   RO         2535    i.ld_word           ff.o
    0x0800e97a   0x0800e97a   0x00000038   Code   RO         2536    i.load_obj_dir      ff.o
    0x0800e9b2   0x0800e9b2   0x000000aa   Code   RO         2537    i.load_xdir         ff.o
    0x0800ea5c   0x0800ea5c   0x00000214   Code   RO           13    i.main              test.o
    0x0800ec70   0x0800ec70   0x00000018   Code   RO         2538    i.mem_cmp           ff.o
    0x0800ec88   0x0800ec88   0x00000012   Code   RO         2539    i.mem_cpy           ff.o
    0x0800ec9a   0x0800ec9a   0x0000000c   Code   RO         2540    i.mem_set           ff.o
    0x0800eca6   0x0800eca6   0x00000032   Code   RO         2541    i.move_window       ff.o
    0x0800ecd8   0x0800ecd8   0x00000058   Code   RO         2065    i.my_mem_free       malloc.o
    0x0800ed30   0x0800ed30   0x0000002c   Code   RO         2066    i.my_mem_init       malloc.o
    0x0800ed5c   0x0800ed5c   0x00000088   Code   RO         2067    i.my_mem_malloc     malloc.o
    0x0800ede4   0x0800ede4   0x0000003c   Code   RO         2068    i.my_mem_perused    malloc.o
    0x0800ee20   0x0800ee20   0x00000018   Code   RO         2069    i.myfree            malloc.o
    0x0800ee38   0x0800ee38   0x00000020   Code   RO         2070    i.mymalloc          malloc.o
    0x0800ee58   0x0800ee58   0x0000000c   Code   RO         2072    i.mymemset          malloc.o
    0x0800ee64   0x0800ee64   0x00000070   Code   RO         2542    i.pick_lfn          ff.o
    0x0800eed4   0x0800eed4   0x000000f6   Code   RO         2543    i.put_fat           ff.o
    0x0800efca   0x0800efca   0x00000004   Code   RO         2983    i.read_addr         usmart.o
    0x0800efce   0x0800efce   0x000000e8   Code   RO         2545    i.remove_chain      ff.o
    0x0800f0b6   0x0800f0b6   0x00000028   Code   RO         2546    i.st_clust          ff.o
    0x0800f0de   0x0800f0de   0x00000010   Code   RO         2547    i.st_dword          ff.o
    0x0800f0ee   0x0800f0ee   0x0000004a   Code   RO         2548    i.st_qword          ff.o
    0x0800f138   0x0800f138   0x00000008   Code   RO         2549    i.st_word           ff.o
    0x0800f140   0x0800f140   0x0000006c   Code   RO         2550    i.store_xdir        ff.o
    0x0800f1ac   0x0800f1ac   0x0000001a   Code   RO         2551    i.sum_sfn           ff.o
    0x0800f1c6   0x0800f1c6   0x00000002   PAD
    0x0800f1c8   0x0800f1c8   0x00000088   Code   RO         2552    i.sync_fs           ff.o
    0x0800f250   0x0800f250   0x00000052   Code   RO         2553    i.sync_window       ff.o
    0x0800f2a2   0x0800f2a2   0x00000002   PAD
    0x0800f2a4   0x0800f2a4   0x00000040   Code   RO         2016    i.u3_printf         usart3.o
    0x0800f2e4   0x0800f2e4   0x000000dc   Code   RO          310    i.uart_init         usart.o
    0x0800f3c0   0x0800f3c0   0x000000f0   Code   RO         2887    i.updata_fontx      fontupd.o
    0x0800f4b0   0x0800f4b0   0x000001b0   Code   RO         2888    i.update_font       fontupd.o
    0x0800f660   0x0800f660   0x000000f8   Code   RO         2017    i.usart3_init       usart3.o
    0x0800f758   0x0800f758   0x00000094   Code   RO         2984    i.usmart_cmd_rec    usmart.o
    0x0800f7ec   0x0800f7ec   0x00000260   Code   RO         2985    i.usmart_exe        usmart.o
    0x0800fa4c   0x0800fa4c   0x000000a4   Code   RO         3095    i.usmart_get_aparm  usmart_str.o
    0x0800faf0   0x0800faf0   0x0000002e   Code   RO         3096    i.usmart_get_cmdname  usmart_str.o
    0x0800fb1e   0x0800fb1e   0x00000002   PAD
    0x0800fb20   0x0800fb20   0x00000168   Code   RO         3097    i.usmart_get_fname  usmart_str.o
    0x0800fc88   0x0800fc88   0x000000d0   Code   RO         3098    i.usmart_get_fparam  usmart_str.o
    0x0800fd58   0x0800fd58   0x00000024   Code   RO         3099    i.usmart_get_parmpos  usmart_str.o
    0x0800fd7c   0x0800fd7c   0x00000030   Code   RO         2986    i.usmart_get_runtime  usmart.o
    0x0800fdac   0x0800fdac   0x00000028   Code   RO         2987    i.usmart_init       usmart.o
    0x0800fdd4   0x0800fdd4   0x00000010   Code   RO         3100    i.usmart_pow        usmart_str.o
    0x0800fde4   0x0800fde4   0x0000002c   Code   RO         2988    i.usmart_reset_runtime  usmart.o
    0x0800fe10   0x0800fe10   0x000000a4   Code   RO         2989    i.usmart_scan       usmart.o
    0x0800feb4   0x0800feb4   0x00000010   Code   RO         3101    i.usmart_search_nextc  usmart_str.o
    0x0800fec4   0x0800fec4   0x000000d6   Code   RO         3102    i.usmart_str2num    usmart_str.o
    0x0800ff9a   0x0800ff9a   0x00000018   Code   RO         3103    i.usmart_strcmp     usmart_str.o
    0x0800ffb2   0x0800ffb2   0x00000012   Code   RO         3104    i.usmart_strcopy    usmart_str.o
    0x0800ffc4   0x0800ffc4   0x00000012   Code   RO         3105    i.usmart_strlen     usmart_str.o
    0x0800ffd6   0x0800ffd6   0x00000002   PAD
    0x0800ffd8   0x0800ffd8   0x00000680   Code   RO         2990    i.usmart_sys_cmd_exe  usmart.o
    0x08010658   0x08010658   0x00000032   Code   RO         2554    i.validate          ff.o
    0x0801068a   0x0801068a   0x00000004   Code   RO         2991    i.write_addr        usmart.o
    0x0801068e   0x0801068e   0x00000034   Code   RO         2555    i.xdir_sum          ff.o
    0x080106c2   0x080106c2   0x0000003c   Code   RO         2556    i.xname_sum         ff.o
    0x080106fe   0x080106fe   0x00000002   PAD
    0x08010700   0x08010700   0x0000002c   Code   RO         3676    locale$$code        c_w.l(lc_numeric_c.o)
    0x0801072c   0x0801072c   0x0000002c   Code   RO         3699    locale$$code        c_w.l(lc_ctype_c.o)
    0x08010758   0x08010758   0x00000150   Code   RO         3489    x$fpl$dadd          fz_wm.l(daddsub_clz.o)
    0x080108a8   0x080108a8   0x00000018   Code   RO         3580    x$fpl$dcmpinf       fz_wm.l(dcmpi.o)
    0x080108c0   0x080108c0   0x0000005a   Code   RO         3495    x$fpl$dfixu         fz_wm.l(dfixu.o)
    0x0801091a   0x0801091a   0x00000026   Code   RO         3499    x$fpl$dfltu         fz_wm.l(dflt_clz.o)
    0x08010940   0x08010940   0x00000078   Code   RO         3505    x$fpl$dleqf         fz_wm.l(dleqf.o)
    0x080109b8   0x080109b8   0x00000154   Code   RO         3507    x$fpl$dmul          fz_wm.l(dmul.o)
    0x08010b0c   0x08010b0c   0x0000009c   Code   RO         3582    x$fpl$dnaninf       fz_wm.l(dnaninf.o)
    0x08010ba8   0x08010ba8   0x0000000c   Code   RO         3584    x$fpl$dretinf       fz_wm.l(dretinf.o)
    0x08010bb4   0x08010bb4   0x0000006c   Code   RO         3509    x$fpl$drleqf        fz_wm.l(drleqf.o)
    0x08010c20   0x08010c20   0x00000016   Code   RO         3490    x$fpl$drsb          fz_wm.l(daddsub_clz.o)
    0x08010c36   0x08010c36   0x00000002   PAD
    0x08010c38   0x08010c38   0x00000198   Code   RO         3586    x$fpl$dsqrt         fz_wm.l(dsqrt_umaal.o)
    0x08010dd0   0x08010dd0   0x000001d4   Code   RO         3491    x$fpl$dsub          fz_wm.l(daddsub_clz.o)
    0x08010fa4   0x08010fa4   0x00000056   Code   RO         3511    x$fpl$f2d           fz_wm.l(f2d.o)
    0x08010ffa   0x08010ffa   0x0000008c   Code   RO         3588    x$fpl$fnaninf       fz_wm.l(fnaninf.o)
    0x08011086   0x08011086   0x0000000a   Code   RO         3763    x$fpl$fpinit        fz_wm.l(fpinit.o)
    0x08011090   0x08011090   0x00000004   Code   RO         3590    x$fpl$printf1       fz_wm.l(printf1.o)
    0x08011094   0x08011094   0x00000004   Code   RO         3592    x$fpl$printf2       fz_wm.l(printf2.o)
    0x08011098   0x08011098   0x00000000   Code   RO         3598    x$fpl$usenofp       fz_wm.l(usenofp.o)
    0x08011098   0x08011098   0x00004740   Data   RO          567    .constdata          lcd.o
    0x080157d8   0x080157d8   0x0000000a   Data   RO         1333    .constdata          ft5206.o
    0x080157e2   0x080157e2   0x000000c2   Data   RO         1380    .constdata          gt9147.o
    0x080158a4   0x080158a4   0x0000000a   Data   RO         1432    .constdata          ott2001a.o
    0x080158ae   0x080158ae   0x00000002   PAD
    0x080158b0   0x080158b0   0x00000004   Data   RO         1492    .constdata          touch.o
    0x080158b4   0x080158b4   0x00000024   Data   RO         2080    .constdata          malloc.o
    0x080158d8   0x080158d8   0x000003c0   Data   RO         2389    .constdata          mycc936.o
    0x08015c98   0x08015c98   0x0000004a   Data   RO         2558    .constdata          ff.o
    0x08015ce2   0x08015ce2   0x00000002   PAD
    0x08015ce4   0x08015ce4   0x00000028   Data   RO         2890    .constdata          fontupd.o
    0x08015d0c   0x08015d0c   0x00000028   Data   RO         3442    .constdata          c_w.l(_printf_hex_int_ll_ptr.o)
    0x08015d34   0x08015d34   0x00000011   Data   RO         3462    .constdata          c_w.l(__printf_flags_ss_wp.o)
    0x08015d45   0x08015d45   0x00000003   PAD
    0x08015d48   0x08015d48   0x00000008   Data   RO         3551    .constdata          c_w.l(_printf_wctomb.o)
    0x08015d50   0x08015d50   0x00000026   Data   RO         3624    .constdata          c_w.l(_printf_fp_hex.o)
    0x08015d76   0x08015d76   0x00000002   PAD
    0x08015d78   0x08015d78   0x00000094   Data   RO         3651    .constdata          c_w.l(bigflt0.o)
    0x08015e0c   0x08015e0c   0x00000079   Data   RO         1493    .conststring        touch.o
    0x08015e85   0x08015e85   0x00000003   PAD
    0x08015e88   0x08015e88   0x000000db   Data   RO         2891    .conststring        fontupd.o
    0x08015f63   0x08015f63   0x00000001   PAD
    0x08015f64   0x08015f64   0x00000028   Data   RO         2992    .conststring        usmart.o
    0x08015f8c   0x08015f8c   0x00000090   Data   RO         3069    .conststring        usmart_config.o
    0x0801601c   0x0801601c   0x000000a4   Data   RO         3217    .conststring        common.o
    0x080160c0   0x080160c0   0x00000009   Data   RO         3218    .conststring        common.o
    0x080160c9   0x080160c9   0x00000003   PAD
    0x080160cc   0x080160cc   0x0000000c   Data   RO         3219    .conststring        common.o
    0x080160d8   0x080160d8   0x0000000c   Data   RO         3220    .conststring        common.o
    0x080160e4   0x080160e4   0x00000022   Data   RO         3222    .conststring        common.o
    0x08016106   0x08016106   0x00000002   PAD
    0x08016108   0x08016108   0x00000020   Data   RO         3815    Region$$Table       anon$$obj.o
    0x08016128   0x08016128   0x0000001c   Data   RO         3675    locale$$data        c_w.l(lc_numeric_c.o)
    0x08016144   0x08016144   0x00000110   Data   RO         3698    locale$$data        c_w.l(lc_ctype_c.o)


    Execution Region RW_IRAM1 (Exec base: 0x20000000, Load base: 0x08016254, Size: 0x0002bd28, Max: 0x00030000, ABSOLUTE, COMPRESSED[0x000000e4])

    Exec Addr    Load Addr    Size         Type   Attr      Idx    E Section Name        Object

    0x20000000   COMPRESSED   0x00000004   Data   RW          168    .data               delay.o
    0x20000004   COMPRESSED   0x00000002   Data   RW          312    .data               usart.o
    0x20000006   COMPRESSED   0x00000002   PAD
    0x20000008   COMPRESSED   0x00000004   Data   RW          313    .data               usart.o
    0x2000000c   COMPRESSED   0x00000001   Data   RW          506    .data               key.o
    0x2000000d   COMPRESSED   0x00000003   PAD
    0x20000010   COMPRESSED   0x00000008   Data   RW          568    .data               lcd.o
    0x20000018   COMPRESSED   0x00000008   Data   RW          767    .data               ltdc.o
    0x20000020   COMPRESSED   0x0000000c   Data   RW          913    .data               sdio_sdcard.o
    0x2000002c   COMPRESSED   0x00000008   Data   RW         1189    .data               timer.o
    0x20000034   COMPRESSED   0x00000001   Data   RW         1334    .data               ft5206.o
    0x20000035   COMPRESSED   0x00000001   Data   RW         1381    .data               gt9147.o
    0x20000036   COMPRESSED   0x00000001   Data   RW         1433    .data               ott2001a.o
    0x20000037   COMPRESSED   0x00000001   PAD
    0x20000038   COMPRESSED   0x00000038   Data   RW         1494    .data               touch.o
    0x20000070   COMPRESSED   0x00000002   Data   RW         1602    .data               w25qxx.o
    0x20000072   COMPRESSED   0x00000002   PAD
    0x20000074   COMPRESSED   0x00000004   Data   RW         1713    .data               ftl.o
    0x20000078   COMPRESSED   0x00000002   Data   RW         2019    .data               usart3.o
    0x2000007a   COMPRESSED   0x00000002   PAD
    0x2000007c   COMPRESSED   0x00000024   Data   RW         2081    .data               malloc.o
    0x200000a0   COMPRESSED   0x0000000c   Data   RW         2161    .data               exfuns.o
    0x200000ac   COMPRESSED   0x00000002   Data   RW         2559    .data               ff.o
    0x200000ae   COMPRESSED   0x00000002   PAD
    0x200000b0   COMPRESSED   0x0000001c   Data   RW         2993    .data               usmart.o
    0x200000cc   COMPRESSED   0x00000020   Data   RW         3070    .data               usmart_config.o
    0x200000ec   COMPRESSED   0x000000f4   Data   RW         3071    .data               usmart_config.o
    0x200001e0   COMPRESSED   0x0000006c   Data   RW         3223    .data               common.o
    0x2000024c   COMPRESSED   0x00000004   Data   RW         3224    .data               common.o
    0x20000250   COMPRESSED   0x00000004   Data   RW         3225    .data               common.o
    0x20000254   COMPRESSED   0x00000004   Data   RW         3226    .data               common.o
    0x20000258   COMPRESSED   0x00000004   Data   RW         3227    .data               common.o
    0x2000025c   COMPRESSED   0x0000000c   Data   RW         3228    .data               common.o
    0x20000268   COMPRESSED   0x00000001   Data   RW         3372    .data               wifista.o
    0x20000269   COMPRESSED   0x00000003   PAD
    0x2000026c        -       0x000000c8   Zero   RW          311    .bss                usart.o
    0x20000334        -       0x0000000e   Zero   RW          566    .bss                lcd.o
    0x20000342   COMPRESSED   0x00000002   PAD
    0x20000344        -       0x00000020   Zero   RW          766    .bss                ltdc.o
    0x20000364   COMPRESSED   0x00000004   PAD
    0x20000368        -       0x00000278   Zero   RW          912    .bss                sdio_sdcard.o
    0x200005e0        -       0x0000005c   Zero   RW         1828    .bss                nand.o
    0x2000063c   COMPRESSED   0x00000004   PAD
    0x20000640        -       0x00000640   Zero   RW         2018    .bss                usart3.o
    0x20000c80        -       0x00028000   Zero   RW         2078    .bss                malloc.o
    0x20028c80        -       0x00002800   Zero   RW         2079    .bss                malloc.o
    0x2002b480        -       0x0000000c   Zero   RW         2156    .bss                exfuns.o
    0x2002b48c        -       0x0000000c   Zero   RW         2557    .bss                ff.o
    0x2002b498        -       0x00000029   Zero   RW         2889    .bss                fontupd.o
    0x2002b4c1   COMPRESSED   0x00000003   PAD
    0x2002b4c4        -       0x00000060   Zero   RW         3637    .bss                c_w.l(libspace.o)
    0x2002b524   COMPRESSED   0x00000004   PAD
    0x2002b528        -       0x00000000   Zero   RW            2    HEAP                startup_stm32f429xx.o
    0x2002b528        -       0x00000800   Zero   RW            1    STACK               startup_stm32f429xx.o



  Load Region LR$$.ARM.__AT_0x10000000 (Base: 0x10000000, Size: 0x00000000, Max: 0x0000f000, ABSOLUTE)

    Execution Region ER$$.ARM.__AT_0x10000000 (Exec base: 0x10000000, Load base: 0x10000000, Size: 0x0000f000, Max: 0x0000f000, ABSOLUTE, UNINIT)

    Exec Addr    Load Addr    Size         Type   Attr      Idx    E Section Name        Object

    0x10000000        -       0x0000f000   Zero   RW         2074    .ARM.__AT_0x10000000  malloc.o



  Load Region LR$$.ARM.__AT_0x1000F000 (Base: 0x1000f000, Size: 0x00000000, Max: 0x00000f00, ABSOLUTE)

    Execution Region ER$$.ARM.__AT_0x1000F000 (Exec base: 0x1000f000, Load base: 0x1000f000, Size: 0x00000f00, Max: 0x00000f00, ABSOLUTE, UNINIT)

    Exec Addr    Load Addr    Size         Type   Attr      Idx    E Section Name        Object

    0x1000f000        -       0x00000f00   Zero   RW         2075    .ARM.__AT_0x1000F000  malloc.o



  Load Region LR$$.ARM.__AT_0xC0000000 (Base: 0xc0000000, Size: 0x00000000, Max: 0x001f4000, ABSOLUTE)

    Execution Region ER$$.ARM.__AT_0xC0000000 (Exec base: 0xc0000000, Load base: 0xc0000000, Size: 0x001f4000, Max: 0x001f4000, ABSOLUTE, UNINIT)

    Exec Addr    Load Addr    Size         Type   Attr      Idx    E Section Name        Object

    0xc0000000        -       0x001f4000   Zero   RW          765    .ARM.__AT_0xC0000000  ltdc.o



  Load Region LR$$.ARM.__AT_0xC01F4000 (Base: 0xc01f4000, Size: 0x00000000, Max: 0x01c3c000, ABSOLUTE)

    Execution Region ER$$.ARM.__AT_0xC01F4000 (Exec base: 0xc01f4000, Load base: 0xc01f4000, Size: 0x01c3c000, Max: 0x01c3c000, ABSOLUTE, UNINIT)

    Exec Addr    Load Addr    Size         Type   Attr      Idx    E Section Name        Object

    0xc01f4000        -       0x01c3c000   Zero   RW         2076    .ARM.__AT_0xC01F4000  malloc.o



  Load Region LR$$.ARM.__AT_0xC1E30000 (Base: 0xc1e30000, Size: 0x00000000, Max: 0x001c3c00, ABSOLUTE)

    Execution Region ER$$.ARM.__AT_0xC1E30000 (Exec base: 0xc1e30000, Load base: 0xc1e30000, Size: 0x001c3c00, Max: 0x001c3c00, ABSOLUTE, UNINIT)

    Exec Addr    Load Addr    Size         Type   Attr      Idx    E Section Name        Object

    0xc1e30000        -       0x001c3c00   Zero   RW         2077    .ARM.__AT_0xC1E30000  malloc.o


==============================================================================

Image component sizes


      Code (inc. data)   RO Data    RW Data    ZI Data      Debug   Object Name

       216          0          0          0          0       3629   24cxx.o
      2032        734          0          0          0       2114   apsta.o
      4832       1198        231        136          0      17070   common.o
       668        104          0          0          0       6125   ctiic.o
       168         12          0          4          0       2899   delay.o
       432          8          0          0          0       7287   diskio.o
       100          8          0         12         12       4407   exfuns.o
      7888         88         74          2         12      55821   ff.o
       868         62        259          0         41       6288   fontupd.o
       698         44         10          1          0       4365   ft5206.o
      1904        296          0          4          0      12743   ftl.o
      1014         80        194          1          0       5390   gt9147.o
       260         32          0          1          0       1442   key.o
     11830        188      18240          8         14      25295   lcd.o
        56         12          0          0          0        567   led.o
      1752        136          0          8    2048032      11062   ltdc.o
       396         42         36         36   31695616       7409   malloc.o
       148         14        960          0          0       2195   mycc936.o
       600         74          0          0          0       5250   myiic.o
      2724        290          0          0         92      18943   nand.o
       744         66         10          1          0       5027   ott2001a.o
      4202        242          0         12        632      34084   sdio_sdcard.o
       710         30          0          0          0       1782   sdram.o
       204         24          0          0          0       2300   spi.o
        68         24        428          0       2048        924   startup_stm32f429xx.o
       582         44          0          0          0       7005   sys.o
       532        134          0          0          0     277539   test.o
       582         20          0          0          0       4754   text.o
       308         38          0          8          0       2948   timer.o
      3096        246        125         56          0      12453   touch.o
       330         36          0          6        200       4736   usart.o
       408         50          0          2       1600       3762   usart3.o
      2840       1352         40         28          0       8966   usmart.o
         0          0        144        276          0       1780   usmart_config.o
      1120         20          0          0          0      10563   usmart_str.o
       826         70          0          2          0       8403   w25qxx.o
      1884        578          0          0          0       2227   wifiap.o
      1996        628          0          1          0       2553   wifista.o

    ----------------------------------------------------------------------
     59064       7024      20796        620   33748312     592107   Object Totals
         0          0         32          0          0          0   (incl. Generated)
        46          0         13         15         13          0   (incl. Padding)

    ----------------------------------------------------------------------

      Code (inc. data)   RO Data    RW Data    ZI Data      Debug   Library Member Name

        24          4          0          0          0         84   __2printf.o
        44          6          0          0          0         84   __2sprintf.o
        90          0          0          0          0          0   __dczerorl2.o
         8          0          0          0          0         68   __main.o
       392          4         17          0          0         92   __printf_flags_ss_wp.o
        14          0          0          0          0         68   __printf_wp.o
         0          0          0          0          0          0   __rtentry.o
        12          0          0          0          0          0   __rtentry2.o
         6          0          0          0          0          0   __rtentry4.o
        52          8          0          0          0          0   __scatter.o
        28          0          0          0          0          0   __scatter_zi.o
         6          0          0          0          0          0   _printf_a.o
         6          0          0          0          0          0   _printf_c.o
        44          0          0          0          0        108   _printf_char.o
        48          6          0          0          0         96   _printf_char_common.o
        36          4          0          0          0         80   _printf_char_file.o
        40          0          0          0          0         68   _printf_charcount.o
         6          0          0          0          0          0   _printf_d.o
       120         16          0          0          0         92   _printf_dec.o
         6          0          0          0          0          0   _printf_e.o
         6          0          0          0          0          0   _printf_f.o
      1050          0          0          0          0        216   _printf_fp_dec.o
       764         10         38          0          0        100   _printf_fp_hex.o
       128         16          0          0          0         84   _printf_fp_infnan.o
         6          0          0          0          0          0   _printf_g.o
       148          4         40          0          0        160   _printf_hex_int_ll_ptr.o
         6          0          0          0          0          0   _printf_i.o
       178          0          0          0          0         88   _printf_intcommon.o
        10          0          0          0          0          0   _printf_l.o
         6          0          0          0          0          0   _printf_lc.o
        10          0          0          0          0          0   _printf_ll.o
         6          0          0          0          0          0   _printf_lld.o
         6          0          0          0          0          0   _printf_lli.o
         6          0          0          0          0          0   _printf_llo.o
         6          0          0          0          0          0   _printf_llu.o
         6          0          0          0          0          0   _printf_llx.o
       124         16          0          0          0         92   _printf_longlong_dec.o
         6          0          0          0          0          0   _printf_ls.o
         6          0          0          0          0          0   _printf_n.o
         6          0          0          0          0          0   _printf_o.o
       112          8          0          0          0        124   _printf_oct_int_ll.o
         6          0          0          0          0          0   _printf_p.o
        78          0          0          0          0        108   _printf_pad.o
         0          0          0          0          0          0   _printf_percent.o
         4          0          0          0          0          0   _printf_percent_end.o
         6          0          0          0          0          0   _printf_s.o
        82          0          0          0          0         80   _printf_str.o
        36          0          0          0          0         84   _printf_truncate.o
         6          0          0          0          0          0   _printf_u.o
        44          0          0          0          0        108   _printf_wchar.o
       188          6          8          0          0         92   _printf_wctomb.o
         6          0          0          0          0          0   _printf_x.o
        22          0          0          0          0        100   _rserrno.o
        10          0          0          0          0         68   _sputc.o
        64          0          0          0          0         92   _wcrtomb.o
       220          4        148          0          0         96   bigflt0.o
      1910        128          0          0          0        672   btod.o
        18          0          0          0          0         80   exit.o
         8          0          0          0          0         68   ferror.o
         6          0          0          0          0        152   heapauxi.o
        44         10        272          0          0         76   lc_ctype_c.o
        44         10         28          0          0         76   lc_numeric_c.o
         2          0          0          0          0          0   libinit.o
        34          0          0          0          0          0   libinit2.o
         2          0          0          0          0          0   libshutdown.o
         2          0          0          0          0          0   libshutdown2.o
         8          4          0          0         96         68   libspace.o
        72          0          0          0          0         76   llsdiv.o
       138          0          0          0          0         80   lludiv10.o
       238          0          0          0          0        100   lludivv7m.o
        16          4          0          0          0         76   rt_ctype_table.o
         8          4          0          0          0         68   rt_errno_addr_intlibspace.o
         8          4          0          0          0         68   rt_locale_intlibspace.o
        68          0          0          0          0         68   rt_memclr.o
        78          0          0          0          0         80   rt_memclr_w.o
       138          0          0          0          0         68   rt_memcpy_v6.o
       100          0          0          0          0         80   rt_memcpy_w.o
         2          0          0          0          0          0   rtexit.o
        10          0          0          0          0          0   rtexit2.o
        24          0          0          0          0         68   strcat.o
       128          0          0          0          0         68   strcmpv7m.o
        72          0          0          0          0         80   strcpy.o
        62          0          0          0          0         76   strlen.o
        36          0          0          0          0         80   strstr.o
        74          0          0          0          0         80   sys_stackheap_outer.o
         2          0          0          0          0         68   use_no_semi.o
         2          0          0          0          0         68   use_no_semi_2.o
        36          4          0          0          0         76   vsprintf.o
       826         16          0          0          0        492   daddsub_clz.o
        24          0          0          0          0        116   dcmpi.o
        90          4          0          0          0        140   dfixu.o
        38          0          0          0          0        116   dflt_clz.o
       120          4          0          0          0        140   dleqf.o
       340         12          0          0          0        152   dmul.o
       156          4          0          0          0        140   dnaninf.o
        12          0          0          0          0        116   dretinf.o
       108          0          0          0          0        128   drleqf.o
       408         56          0          0          0        168   dsqrt_umaal.o
        86          4          0          0          0        132   f2d.o
       140          4          0          0          0        132   fnaninf.o
        10          0          0          0          0        116   fpinit.o
         4          0          0          0          0        116   printf1.o
         4          0          0          0          0        116   printf2.o
         0          0          0          0          0          0   usenofp.o
        48          0          0          0          0        124   fpclassify.o
       122          0          0          0          0        148   sqrt.o

    ----------------------------------------------------------------------
     10292        384        556          0        100       7744   Library Totals
        16          0          5          0          4          0   (incl. Padding)

    ----------------------------------------------------------------------

      Code (inc. data)   RO Data    RW Data    ZI Data      Debug   Library Name

      7740        280        551          0         96       5152   c_w.l
      2366        104          0          0          0       2320   fz_wm.l
       170          0          0          0          0        272   m_wm.l

    ----------------------------------------------------------------------
     10292        384        556          0        100       7744   Library Totals

    ----------------------------------------------------------------------

==============================================================================


      Code (inc. data)   RO Data    RW Data    ZI Data      Debug   

     69356       7408      21352        620   33748412     566039   Grand Totals
     69356       7408      21352        228   33748412     566039   ELF Image Totals (compressed)
     69356       7408      21352        228          0          0   ROM Totals

==============================================================================

    Total RO  Size (Code + RO Data)                90708 (  88.58kB)
    Total RW  Size (RW Data + ZI Data)          33749032 (32958.04kB)
    Total ROM Size (Code + RO Data + RW Data)      90936 (  88.80kB)

==============================================================================

