<html>
<body>
<pre>
<h1>礦ision Build Log</h1>
<h2>Tool Versions:</h2>
IDE-Version: μVision V5.25.3.0
Copyright (C) 2018 ARM Ltd and ARM Germany GmbH. All rights reserved.
License Information: joe chen, 123, LIC=IK12Z-JC8FC-EHC8P-MBML8-UXXRY-XVUVW
 
Tool Versions:
Toolchain:       MDK-ARM Plus  Version: 5.18a
Toolchain Path:  D:\Applications\keil\ARM\ARMCC\Bin
C Compiler:      Armcc.exe V5.06 update 1 (build 61)
Assembler:       Armasm.exe V5.06 update 1 (build 61)
Linker/Locator:  ArmLink.exe V5.06 update 1 (build 61)
Library Manager: ArmAr.exe V5.06 update 1 (build 61)
Hex Converter:   FromElf.exe V5.06 update 1 (build 61)
CPU DLL:         SARMCM3.DLL V5.18a
Dialog DLL:      DCM.DLL V1.13.6.0
Target DLL:      STLink\ST-LINKIII-KEIL_SWO.dll V2.0.18.0
Dialog DLL:      TCM.DLL V1.14.8.0
 
<h2>Project:</h2>
E:\code\test\TEST\TEST_5\（寄存器版本，适合阿波罗STM32F4开发板）扩展实验13 ATK-ESP8266 WIFI模块测试实验\USER\test.uvprojx
Project File Date:  06/21/2020

<h2>Output:</h2>
*** Using Compiler 'V5.06 update 1 (build 61)', folder: 'D:\Applications\keil\ARM\ARMCC\Bin'
Rebuild target 'Target 1'
assembling startup_stm32f429xx.s...
compiling usart.c...
compiling sys.c...
compiling delay.c...
compiling myiic.c...
compiling test.c...
compiling 24cxx.c...
compiling key.c...
compiling ltdc.c...
compiling led.c...
compiling sdram.c...
compiling lcd.c...
compiling spi.c...
compiling sdio_sdcard.c...
compiling timer.c...
compiling ctiic.c...
compiling ft5206.c...
compiling gt9147.c...
compiling ott2001a.c...
compiling w25qxx.c...
compiling ftl.c...
compiling touch.c...
compiling nandtester.c...
compiling nand.c...
compiling usart3.c...
compiling malloc.c...
compiling exfuns.c...
compiling mycc936.c...
compiling fattester.c...
compiling ff.c...
compiling diskio.c...
compiling fontupd.c...
compiling text.c...
compiling usmart.c...
compiling usmart_str.c...
compiling usmart_config.c...
compiling apsta.c...
compiling common.c...
compiling wifiap.c...
compiling wifista.c...
linking...
Program Size: Code=69356 RO-data=21352 RW-data=620 ZI-data=33748412  
FromELF: creating hex file...
"..\OBJ\test.axf" - 0 Error(s), 0 Warning(s).

<h2>Software Packages used:</h2>

Package Vendor: Keil
                http://www.keil.com/pack/Keil.STM32F4xx_DFP.2.9.0.pack
                Keil.STM32F4xx_DFP.2.9.0
                STMicroelectronics STM32F4 Series Device Support, Drivers and Examples

<h2>Collection of Component include folders:</h2>
  .\RTE\_Target_1
  D:\Applications\keil\ARM\PACK\Keil\STM32F4xx_DFP\2.9.0\Drivers\CMSIS\Device\ST\STM32F4xx\Include

<h2>Collection of Component Files used:</h2>
Build Time Elapsed:  00:00:15
</pre>
</body>
</html>
